Archive member included to satisfy reference by file (symbol)

ym/microbit/source/microbit.a(MicroBit.cpp.obj)
                              source/CMakeFiles/microbit-samples.dir/workspaces/microbit-samples/source/main.cpp.obj (MicroBit::MicroBit())
ym/microbit-dal/source/microbit-dal.a(MicroBitDevice.cpp.obj)
                              ym/microbit/source/microbit.a(MicroBit.cpp.obj) (microbit_serial_number())
ym/microbit-dal/source/microbit-dal.a(MicroBitFiber.cpp.obj)
                              ym/microbit/source/microbit.a(MicroBit.cpp.obj) (scheduler_init(EventModel&))
ym/microbit-dal/source/microbit-dal.a(MicroBitFont.cpp.obj)
                              ym/microbit-dal/source/microbit-dal.a(MicroBitDevice.cpp.obj) (MicroBitFont::defaultFont)
ym/microbit-dal/source/microbit-dal.a(MicroBitHeapAllocator.cpp.obj)
                              ym/microbit/source/microbit.a(MicroBit.cpp.obj) (microbit_create_heap(unsigned long, unsigned long))
ym/microbit-dal/source/microbit-dal.a(MicroBitListener.cpp.obj)
                              ym/microbit-dal/source/microbit-dal.a(MicroBitFiber.cpp.obj) (MicroBitListener::MicroBitListener(unsigned short, unsigned short, void (*)(MicroBitEvent), unsigned short))
ym/microbit-dal/source/microbit-dal.a(MicroBitSystemTimer.cpp.obj)
                              ym/microbit-dal/source/microbit-dal.a(MicroBitFiber.cpp.obj) (system_timer_current_time())
ym/microbit-dal/source/microbit-dal.a(ManagedString.cpp.obj)
                              source/CMakeFiles/microbit-samples.dir/workspaces/microbit-samples/source/main.cpp.obj (ManagedString::~ManagedString())
ym/microbit-dal/source/microbit-dal.a(MicroBitEvent.cpp.obj)
                              ym/microbit/source/microbit.a(MicroBit.cpp.obj) (MicroBitEvent::MicroBitEvent())
ym/microbit-dal/source/microbit-dal.a(MicroBitImage.cpp.obj)
                              ym/microbit/source/microbit.a(MicroBit.cpp.obj) (MicroBitImage::setPixelValue(short, short, unsigned char))
ym/microbit-dal/source/microbit-dal.a(PacketBuffer.cpp.obj)
                              ym/microbit-dal/source/microbit-dal.a(ManagedString.cpp.obj) (PacketBuffer::getBytes())
ym/microbit-dal/source/microbit-dal.a(RefCounted.cpp.obj)
                              ym/microbit-dal/source/microbit-dal.a(ManagedString.cpp.obj) (RefCounted::init())
ym/microbit-dal/source/microbit-dal.a(MicroBitAccelerometer.cpp.obj)
                              ym/microbit/source/microbit.a(MicroBit.cpp.obj) (MicroBitAccelerometer::autoDetect(MicroBitI2C&))
ym/microbit-dal/source/microbit-dal.a(MicroBitButton.cpp.obj)
                              source/CMakeFiles/microbit-samples.dir/workspaces/microbit-samples/source/main.cpp.obj (MicroBitButton::~MicroBitButton())
ym/microbit-dal/source/microbit-dal.a(MicroBitCompass.cpp.obj)
                              ym/microbit/source/microbit.a(MicroBit.cpp.obj) (MicroBitCompass::autoDetect(MicroBitI2C&))
ym/microbit-dal/source/microbit-dal.a(MicroBitCompassCalibrator.cpp.obj)
                              ym/microbit/source/microbit.a(MicroBit.cpp.obj) (MicroBitCompassCalibrator::MicroBitCompassCalibrator(MicroBitCompass&, MicroBitAccelerometer&, MicroBitDisplay&, MicroBitStorage&))
ym/microbit-dal/source/microbit-dal.a(MicroBitDisplay.cpp.obj)
                              source/CMakeFiles/microbit-samples.dir/workspaces/microbit-samples/source/main.cpp.obj (MicroBitDisplay::~MicroBitDisplay())
ym/microbit-dal/source/microbit-dal.a(MicroBitI2C.cpp.obj)
                              source/CMakeFiles/microbit-samples.dir/workspaces/microbit-samples/source/main.cpp.obj (MicroBitI2C::MicroBitI2C(PinName, PinName))
ym/microbit-dal/source/microbit-dal.a(MicroBitIO.cpp.obj)
                              ym/microbit/source/microbit.a(MicroBit.cpp.obj) (MicroBitIO::MicroBitIO(int, int, int, int, int, int, int, int, int, int, int, int, int, int, int, int, int, int, int))
ym/microbit-dal/source/microbit-dal.a(MicroBitLightSensor.cpp.obj)
                              ym/microbit-dal/source/microbit-dal.a(MicroBitDisplay.cpp.obj) (MicroBitLightSensor::read())
ym/microbit-dal/source/microbit-dal.a(MicroBitMessageBus.cpp.obj)
                              ym/microbit/source/microbit.a(MicroBit.cpp.obj) (MicroBitMessageBus::add(MicroBitListener*))
ym/microbit-dal/source/microbit-dal.a(MicroBitMultiButton.cpp.obj)
                              ym/microbit/source/microbit.a(MicroBit.cpp.obj) (MicroBitMultiButton::MicroBitMultiButton(unsigned short, unsigned short, unsigned short))
ym/microbit-dal/source/microbit-dal.a(MicroBitPin.cpp.obj)
                              source/CMakeFiles/microbit-samples.dir/workspaces/microbit-samples/source/main.cpp.obj (MicroBitPin::MicroBitPin(int, PinName, PinCapability))
ym/microbit-dal/source/microbit-dal.a(MicroBitRadio.cpp.obj)
                              ym/microbit/source/microbit.a(MicroBit.cpp.obj) (MicroBitRadio::MicroBitRadio(unsigned short))
[...]
Memory Configuration

Name             Origin             Length             Attributes
FLASH            0x00018000         0x00028000         xr
RAM              0x20002000         0x00002000         xrw
*default*        0x00000000         0xffffffff

Linker script and memory map

LOAD /usr/lib/gcc/arm-none-eabi/13.2.1/thumb/v6-m/nofp/crti.o
LOAD /usr/lib/gcc/arm-none-eabi/13.2.1/thumb/v6-m/nofp/crtbegin.o
LOAD /usr/lib/gcc/arm-none-eabi/13.2.1/../../../arm-none-eabi/lib/thumb/v6-m/nofp/crt0.o
START GROUP
LOAD source/CMakeFiles/microbit-samples.dir/workspaces/microbit-samples/source/main.cpp.obj
LOAD source/CMakeFiles/microbit-samples.dir/workspaces/microbit-samples/source/bme280.cpp.obj
LOAD source/CMakeFiles/microbit-samples.dir/workspaces/microbit-samples/source/ssd1306.cpp.obj
LOAD ym/microbit/source/microbit.a
LOAD ym/microbit-dal/source/microbit-dal.a
LOAD ym/ble/source/ble.a
LOAD ym/ble-nrf51822/source/ble-nrf51822.a
LOAD ym/ble/source/ble.a
LOAD ym/ble-nrf51822/source/ble-nrf51822.a
LOAD ym/nrf51-sdk/source/nrf51-sdk.a
LOAD ym/mbed-classic/existing/mbed-classic.a
LOAD /usr/lib/gcc/arm-none-eabi/13.2.1/../../../arm-none-eabi/lib/thumb/v6-m/nofp/libnosys.a
LOAD /usr/lib/gcc/arm-none-eabi/13.2.1/../../../arm-none-eabi/lib/thumb/v6-m/nofp/libstdc++_nano.a
LOAD /usr/lib/gcc/arm-none-eabi/13.2.1/../../../arm-none-eabi/lib/thumb/v6-m/nofp/libsupc++_nano.a
LOAD /usr/lib/gcc/arm-none-eabi/13.2.1/thumb/v6-m/nofp/libgcc.a
LOAD /usr/lib/gcc/arm-none-eabi/13.2.1/../../../arm-none-eabi/lib/thumb/v6-m/nofp/libstdc++_nano.a
LOAD /usr/lib/gcc/arm-none-eabi/13.2.1/../../../arm-none-eabi/lib/thumb/v6-m/nofp/libsupc++_nano.a
LOAD /usr/lib/gcc/arm-none-eabi/13.2.1/../../../arm-none-eabi/lib/thumb/v6-m/nofp/libm.a
LOAD /usr/lib/gcc/arm-none-eabi/13.2.1/../../../arm-none-eabi/lib/thumb/v6-m/nofp/libc_nano.a
LOAD /usr/lib/gcc/arm-none-eabi/13.2.1/thumb/v6-m/nofp/libgcc.a
END GROUP
LOAD /usr/lib/gcc/arm-none-eabi/13.2.1/../../../arm-none-eabi/lib/thumb/v6-m/nofp/libstdc++_nano.a
LOAD /usr/lib/gcc/arm-none-eabi/13.2.1/../../../arm-none-eabi/lib/thumb/v6-m/nofp/libm.a
LOAD /usr/lib/gcc/arm-none-eabi/13.2.1/../../../arm-none-eabi/lib/thumb/v6-m/nofp/libc_nano.a
START GROUP
LOAD /usr/lib/gcc/arm-none-eabi/13.2.1/thumb/v6-m/nofp/libgcc.a
LOAD /usr/lib/gcc/arm-none-eabi/13.2.1/../../../arm-none-eabi/lib/thumb/v6-m/nofp/libc_nano.a
END GROUP
START GROUP
LOAD /usr/lib/gcc/arm-none-eabi/13.2.1/thumb/v6-m/nofp/libgcc.a
LOAD /usr/lib/gcc/arm-none-eabi/13.2.1/../../../arm-none-eabi/lib/thumb/v6-m/nofp/libc_nano.a
END GROUP
LOAD /usr/lib/gcc/arm-none-eabi/13.2.1/thumb/v6-m/nofp/crtend.o
LOAD /usr/lib/gcc/arm-none-eabi/13.2.1/thumb/v6-m/nofp/crtn.o

.text           0x00018000    0x10488
 *(SORT_BY_ALIGNMENT(.Vectors))
 .Vectors       0x00018000       0xc0 ym/mbed-classic/existing/mbed-classic.a(startup_NRF51822.S.obj)
                0x00018000                __Vectors
 *(SORT_BY_ALIGNMENT(.text*))
 .text          0x000180c0       0x98 /usr/lib/gcc/arm-none-eabi/13.2.1/thumb/v6-m/nofp/crtbegin.o
 .text          0x00018158       0x74 /usr/lib/gcc/arm-none-eabi/13.2.1/../../../arm-none-eabi/lib/thumb/v6-m/nofp/crt0.o
                0x00018158                _stack_init
                0x00018164                _mainCRTStartup
                0x00018164                _start
 .text._ZN14MicroBitSerialD2Ev
                0x000181cc       0x18 source/CMakeFiles/microbit-samples.dir/workspaces/microbit-samples/source/main.cpp.obj
                0x000181cc                MicroBitSerial::~MicroBitSerial()
                0x000181cc                MicroBitSerial::~MicroBitSerial()
 .text.startup.main
                0x000181e4      0x2bc source/CMakeFiles/microbit-samples.dir/workspaces/microbit-samples/source/main.cpp.obj
                0x000181e4                main
 .text.startup._GLOBAL__sub_I_uBit
                0x000184a0       0x54 source/CMakeFiles/microbit-samples.dir/workspaces/microbit-samples/source/main.cpp.obj
 .text._ZN8MicroBitD2Ev
                0x000184f4       0x5c source/CMakeFiles/microbit-samples.dir/workspaces/microbit-samples/source/main.cpp.obj
                0x000184f4                MicroBit::~MicroBit()
                0x000184f4                MicroBit::~MicroBit()
 .text._ZN6bme28012probe_sensorEv
                0x00018550       0x54 source/CMakeFiles/microbit-samples.dir/workspaces/microbit-samples/source/bme280.cpp.obj
                0x00018550                bme280::probe_sensor()
 .text._ZN6bme28020get_calibration_dataEv
                0x000185a4      0x11c source/CMakeFiles/microbit-samples.dir/workspaces/microbit-samples/source/bme280.cpp.obj
                0x000185a4                bme280::get_calibration_data()
 .text._ZN6bme280C2EP8MicroBitP11MicroBitI2Chhhhhhh
                0x000186c0      0x108 source/CMakeFiles/microbit-samples.dir/workspaces/microbit-samples/source/bme280.cpp.obj
                0x000186c0                bme280::bme280(MicroBit*, MicroBitI2C*, unsigned char, unsigned char, unsigned char, unsigned char, unsigned char, unsigned char, unsigned char)
                0x000186c0                bme280::bme280(MicroBit*, MicroBitI2C*, unsigned char, unsigned char, unsigned char, unsigned char, unsigned char, unsigned char, unsigned char)
 .text._ZN6bme28011sensor_readEPmPlPt
                0x000187c8       0x98 source/CMakeFiles/microbit-samples.dir/workspaces/microbit-samples/source/bme280.cpp.obj
                0x000187c8                bme280::sensor_read(unsigned long*, long*, unsigned short*)
 .text._ZN6bme28019compensate_pressureEi
                0x00018860       0xa4 source/CMakeFiles/microbit-samples.dir/workspaces/microbit-samples/source/bme280.cpp.obj
                0x00018860                bme280::compensate_pressure(int)
 .text._ZN6bme28019compensate_humidityEi
                0x00018904       0x9c source/CMakeFiles/microbit-samples.dir/workspaces/microbit-samples/source/bme280.cpp.obj
                0x00018904                bme280::compensate_humidity(int)
 .text._ZN7ssd130612send_commandEhPhh
                0x000189a0       0x80 source/CMakeFiles/microbit-samples.dir/workspaces/microbit-samples/source/ssd1306.cpp.obj
                0x000189a0                ssd1306::send_command(unsigned char, unsigned char*, unsigned char)
 .text._ZN7ssd130612set_contrastEh
                0x00018a20       0x18 source/CMakeFiles/microbit-samples.dir/workspaces/microbit-samples/source/ssd1306.cpp.obj
                0x00018a20                ssd1306::set_contrast(unsigned char)
 .text._ZN7ssd130618set_read_directionEv
                0x00018a38       0x24 source/CMakeFiles/microbit-samples.dir/workspaces/microbit-samples/source/ssd1306.cpp.obj
                0x00018a38                ssd1306::set_read_direction()
 .text._ZN7ssd130617set_display_clockEhh
                0x00018a5c       0x48 source/CMakeFiles/microbit-samples.dir/workspaces/microbit-samples/source/ssd1306.cpp.obj
                0x00018a5c                ssd1306::set_display_clock(unsigned char, unsigned char)
 .text._ZN7ssd130610initializeEv
                0x00018aa4      0x190 source/CMakeFiles/microbit-samples.dir/workspaces/microbit-samples/source/ssd1306.cpp.obj
                0x00018aa4                ssd1306::initialize()
 .text._ZN7ssd130613update_screenEv
                0x00018c34       0x70 source/CMakeFiles/microbit-samples.dir/workspaces/microbit-samples/source/ssd1306.cpp.obj
                0x00018c34                ssd1306::update_screen()
 .text._ZN7ssd1306C2EP8MicroBitP11MicroBitI2CP11MicroBitPinh
                0x00018ca4       0x50 source/CMakeFiles/microbit-samples.dir/workspaces/microbit-samples/source/ssd1306.cpp.obj
                0x00018ca4                ssd1306::ssd1306(MicroBit*, MicroBitI2C*, MicroBitPin*, unsigned char)
                0x00018ca4                ssd1306::ssd1306(MicroBit*, MicroBitI2C*, MicroBitPin*, unsigned char)
 .text._ZN7ssd130612display_lineEhhPKc
                0x00018cf4       0x64 source/CMakeFiles/microbit-samples.dir/workspaces/microbit-samples/source/ssd1306.cpp.obj
                0x00018cf4                ssd1306::display_line(unsigned char, unsigned char, char const*)
 .text._ZN8MicroBitC2Ev
                0x00018d58      0x16c ym/microbit/source/microbit.a(MicroBit.cpp.obj)
                0x00018d58                MicroBit::MicroBit()
                0x00018d58                MicroBit::MicroBit()
 .text._ZN8MicroBit4initEv
                0x00018ec4      0x1f8 ym/microbit/source/microbit.a(MicroBit.cpp.obj)
                0x00018ec4                MicroBit::init()
 .text.NVIC_SystemReset
                0x000190bc       0x18 ym/microbit-dal/source/microbit-dal.a(MicroBitDevice.cpp.obj)
 .text._Z22microbit_friendly_namev
                0x000190d4       0x6c ym/microbit-dal/source/microbit-dal.a(MicroBitDevice.cpp.obj)
                0x000190d4                microbit_friendly_name()
 .text._Z14microbit_panici
                0x00019140      0x158 ym/microbit-dal/source/microbit-dal.a(MicroBitDevice.cpp.obj)
                0x00019140                microbit_panic(int)
 .text._Z20microbit_seed_randomv
                0x00019298       0x60 ym/microbit-dal/source/microbit-dal.a(MicroBitDevice.cpp.obj)
                0x00019298                microbit_seed_random()
 .text._Z14scheduler_tickv
                0x000192f8       0x38 ym/microbit-dal/source/microbit-dal.a(MicroBitFiber.cpp.obj)
                0x000192f8                scheduler_tick()
 .text._Z15scheduler_event13MicroBitEvent
                0x00019330       0xc8 ym/microbit-dal/source/microbit-dal.a(MicroBitFiber.cpp.obj)
                0x00019330                scheduler_event(MicroBitEvent)
 .text._Z15getFiberContextv
                0x000193f8       0x4c ym/microbit-dal/source/microbit-dal.a(MicroBitFiber.cpp.obj)
                0x000193f8                getFiberContext()
 .text._ZL10handle_fobv
                0x00019444       0x24 ym/microbit-dal/source/microbit-dal.a(MicroBitFiber.cpp.obj)
 .text._Z23fiber_scheduler_runningv
                0x00019468       0x10 ym/microbit-dal/source/microbit-dal.a(MicroBitFiber.cpp.obj)
                0x00019468                fiber_scheduler_running()
 .text._Z14scheduler_initR10EventModel
                0x00019478       0xa8 ym/microbit-dal/source/microbit-dal.a(MicroBitFiber.cpp.obj)
                0x00019478                scheduler_init(EventModel&)
 .text._Z19fiber_wake_on_eventtt
                0x00019520       0x64 ym/microbit-dal/source/microbit-dal.a(MicroBitFiber.cpp.obj)
                0x00019520                fiber_wake_on_event(unsigned short, unsigned short)
 .text._Z14__create_fibermmmi
                0x00019584       0x50 ym/microbit-dal/source/microbit-dal.a(MicroBitFiber.cpp.obj)
                0x00019584                __create_fiber(unsigned long, unsigned long, unsigned long, int)
 .text._Z17verify_stack_sizeP5Fiber
                0x000195d4       0x3c ym/microbit-dal/source/microbit-dal.a(MicroBitFiber.cpp.obj)
                0x000195d4                verify_stack_size(Fiber*)
 .text._Z24scheduler_runqueue_emptyv
                0x00019610       0x10 ym/microbit-dal/source/microbit-dal.a(MicroBitFiber.cpp.obj)
                0x00019610                scheduler_runqueue_empty()
 .text._Z24fiber_add_idle_componentP17MicroBitComponent
                0x00019620       0x1c ym/microbit-dal/source/microbit-dal.a(MicroBitFiber.cpp.obj)
                0x00019620                fiber_add_idle_component(MicroBitComponent*)
 .text._Z27fiber_remove_idle_componentP17MicroBitComponent
                0x0001963c       0x1c ym/microbit-dal/source/microbit-dal.a(MicroBitFiber.cpp.obj)
                0x0001963c                fiber_remove_idle_component(MicroBitComponent*)
 .text._Z4idlev
                0x00019658       0x30 ym/microbit-dal/source/microbit-dal.a(MicroBitFiber.cpp.obj)
                0x00019658                idle()
 .text._Z8schedulev
                0x00019688       0xc8 ym/microbit-dal/source/microbit-dal.a(MicroBitFiber.cpp.obj)
                0x00019688                schedule()
 .text._Z11fiber_sleepm
                0x00019750       0x3c ym/microbit-dal/source/microbit-dal.a(MicroBitFiber.cpp.obj)
                0x00019750                fiber_sleep(unsigned long)
 .text._Z13release_fiberv
                0x0001978c       0x7c ym/microbit-dal/source/microbit-dal.a(MicroBitFiber.cpp.obj)
                0x0001978c                release_fiber()
 .text._Z6invokePFvPvES_
                0x00019808       0x78 ym/microbit-dal/source/microbit-dal.a(MicroBitFiber.cpp.obj)
                0x00019808                invoke(void (*)(void*), void*)
 .text._ZN12MicroBitFont13getSystemFontEv
                0x00019880       0x10 ym/microbit-dal/source/microbit-dal.a(MicroBitFont.cpp.obj)
                0x00019880                MicroBitFont::getSystemFont()
 .text.startup._GLOBAL__sub_I__ZN12MicroBitFont11defaultFontE
                0x00019890       0x18 ym/microbit-dal/source/microbit-dal.a(MicroBitFont.cpp.obj)
 .text._Z20microbit_create_heapmm
                0x000198a8       0x5c ym/microbit-dal/source/microbit-dal.a(MicroBitHeapAllocator.cpp.obj)
                0x000198a8                microbit_create_heap(unsigned long, unsigned long)
 .text.microbit_alloc
                0x00019904       0x68 ym/microbit-dal/source/microbit-dal.a(MicroBitHeapAllocator.cpp.obj)
                0x00019904                microbit_alloc
                0x00019904                malloc
 .text.microbit_free
                0x0001996c       0x50 ym/microbit-dal/source/microbit-dal.a(MicroBitHeapAllocator.cpp.obj)
                0x0001996c                microbit_free
                0x0001996c                free
 .text._Z23system_timer_set_periodi
                0x000199bc       0x44 ym/microbit-dal/source/microbit-dal.a(MicroBitSystemTimer.cpp.obj)
                0x000199bc                system_timer_set_period(int)
 .text._Z17system_timer_initi
                0x00019a00       0x54 ym/microbit-dal/source/microbit-dal.a(MicroBitSystemTimer.cpp.obj)
                0x00019a00                system_timer_init(int)
 .text._Z23system_timer_get_periodv
                0x00019a54        0xc ym/microbit-dal/source/microbit-dal.a(MicroBitSystemTimer.cpp.obj)
                0x00019a54                system_timer_get_period()
 .text._Z11update_timev
                0x00019a60       0x44 ym/microbit-dal/source/microbit-dal.a(MicroBitSystemTimer.cpp.obj)
                0x00019a60                update_time()
 .text._Z17system_timer_tickv
                0x00019aa4       0x24 ym/microbit-dal/source/microbit-dal.a(MicroBitSystemTimer.cpp.obj)
                0x00019aa4                system_timer_tick()
 .text._Z25system_timer_current_timev
                0x00019ac8       0x1c ym/microbit-dal/source/microbit-dal.a(MicroBitSystemTimer.cpp.obj)
                0x00019ac8                system_timer_current_time()
 .text._Z28system_timer_current_time_usv
                0x00019ae4       0x14 ym/microbit-dal/source/microbit-dal.a(MicroBitSystemTimer.cpp.obj)
                0x00019ae4                system_timer_current_time_us()
 .text._Z26system_timer_add_componentP17MicroBitComponent
                0x00019af8       0x3c ym/microbit-dal/source/microbit-dal.a(MicroBitSystemTimer.cpp.obj)
                0x00019af8                system_timer_add_component(MicroBitComponent*)
 .text._Z29system_timer_remove_componentP17MicroBitComponent
                0x00019b34       0x1c ym/microbit-dal/source/microbit-dal.a(MicroBitSystemTimer.cpp.obj)
                0x00019b34                system_timer_remove_component(MicroBitComponent*)
 .text._ZN13ManagedStringC2EPKc
                0x00019b50       0x20 ym/microbit-dal/source/microbit-dal.a(ManagedString.cpp.obj)
                0x00019b50                ManagedString::ManagedString(char const*)
                0x00019b50                ManagedString::ManagedString(char const*)
 .text._ZN13ManagedStringC2EPKcs
                0x00019b70       0x54 ym/microbit-dal/source/microbit-dal.a(ManagedString.cpp.obj)
                0x00019b70                ManagedString::ManagedString(char const*, short)
                0x00019b70                ManagedString::ManagedString(char const*, short)
 .text._ZN13ManagedStringC2Ev
                0x00019bc4        0xc ym/microbit-dal/source/microbit-dal.a(ManagedString.cpp.obj)
                0x00019bc4                ManagedString::ManagedString()
                0x00019bc4                ManagedString::ManagedString()
 .text.startup._GLOBAL__sub_I__ZN13ManagedString9initEmptyEv
                0x00019bd0       0x28 ym/microbit-dal/source/microbit-dal.a(ManagedString.cpp.obj)
 .text._ZN13MicroBitEvent4fireEv
                0x00019bf8       0x28 ym/microbit-dal/source/microbit-dal.a(MicroBitEvent.cpp.obj)
                0x00019bf8                MicroBitEvent::fire()
 .text._ZN13MicroBitImageC2Ev
                0x00019c20        0xc ym/microbit-dal/source/microbit-dal.a(MicroBitImage.cpp.obj)
                0x00019c20                MicroBitImage::MicroBitImage()
                0x00019c20                MicroBitImage::MicroBitImage()
 .text._ZN13MicroBitImageC2EP9ImageData
                0x00019c2c       0x1c ym/microbit-dal/source/microbit-dal.a(MicroBitImage.cpp.obj)
                0x00019c2c                MicroBitImage::MicroBitImage(ImageData*)
                0x00019c2c                MicroBitImage::MicroBitImage(ImageData*)
 .text._ZN13MicroBitImage13setPixelValueEssh
                0x00019c48       0x2c ym/microbit-dal/source/microbit-dal.a(MicroBitImage.cpp.obj)
                0x00019c48                MicroBitImage::setPixelValue(short, short, unsigned char)
 .text._ZN13MicroBitImage10printImageEssPKh
                0x00019c74       0x60 ym/microbit-dal/source/microbit-dal.a(MicroBitImage.cpp.obj)
                0x00019c74                MicroBitImage::printImage(short, short, unsigned char const*)
 .text._ZN13MicroBitImage4initEssPKh
                0x00019cd4       0x4c ym/microbit-dal/source/microbit-dal.a(MicroBitImage.cpp.obj)
                0x00019cd4                MicroBitImage::init(short, short, unsigned char const*)
 .text._ZN13MicroBitImageC2EPKc
                0x00019d20       0xa0 ym/microbit-dal/source/microbit-dal.a(MicroBitImage.cpp.obj)
                0x00019d20                MicroBitImage::MicroBitImage(char const*)
                0x00019d20                MicroBitImage::MicroBitImage(char const*)
 .text._ZN13MicroBitImage5printEcss
                0x00019dc0       0x8c ym/microbit-dal/source/microbit-dal.a(MicroBitImage.cpp.obj)
                0x00019dc0                MicroBitImage::print(char, short, short)
 .text._ZN13MicroBitImage9shiftLeftEs
                0x00019e4c       0x50 ym/microbit-dal/source/microbit-dal.a(MicroBitImage.cpp.obj)
                0x00019e4c                MicroBitImage::shiftLeft(short)
 .text.startup._GLOBAL__sub_I__ZN13MicroBitImage10EmptyImageE
                0x00019e9c       0x28 ym/microbit-dal/source/microbit-dal.a(MicroBitImage.cpp.obj)
 .text.startup._GLOBAL__sub_I__ZN12PacketBuffer11EmptyPacketE
                0x00019ec4       0x24 ym/microbit-dal/source/microbit-dal.a(PacketBuffer.cpp.obj)
 .text._ZL16isReadOnlyInlineP10RefCounted.isra.0
                0x00019ee8       0x24 ym/microbit-dal/source/microbit-dal.a(RefCounted.cpp.obj)
 .text._ZN21MicroBitAccelerometer9configureEv
                0x00019f0c        0x8 ym/microbit-dal/source/microbit-dal.a(MicroBitAccelerometer.cpp.obj)
                0x00019f0c                MicroBitAccelerometer::configure()
 .text._ZN21MicroBitAccelerometer13requestUpdateEv
                0x00019f14       0x10 ym/microbit-dal/source/microbit-dal.a(MicroBitAccelerometer.cpp.obj)
                0x00019f14                MicroBitAccelerometer::requestUpdate()
 .text._ZN21MicroBitAccelerometerC2ER15CoordinateSpacet
                0x00019f24       0x50 ym/microbit-dal/source/microbit-dal.a(MicroBitAccelerometer.cpp.obj)
                0x00019f24                MicroBitAccelerometer::MicroBitAccelerometer(CoordinateSpace&, unsigned short)
                0x00019f24                MicroBitAccelerometer::MicroBitAccelerometer(CoordinateSpace&, unsigned short)
 .text._ZN21MicroBitAccelerometer10autoDetectER11MicroBitI2C
                0x00019f74      0x154 ym/microbit-dal/source/microbit-dal.a(MicroBitAccelerometer.cpp.obj)
                0x00019f74                MicroBitAccelerometer::autoDetect(MicroBitI2C&)
 .text._ZN21MicroBitAccelerometer20instantaneousPostureEv
                0x0001a0c8      0x19c ym/microbit-dal/source/microbit-dal.a(MicroBitAccelerometer.cpp.obj)
                0x0001a0c8                MicroBitAccelerometer::instantaneousPosture()
 .text._ZN14MicroBitButton10systemTickEv
                0x0001a264       0xdc ym/microbit-dal/source/microbit-dal.a(MicroBitButton.cpp.obj)
                0x0001a264                MicroBitButton::systemTick()
 .text._ZN14MicroBitButtonD2Ev
                0x0001a340       0x14 ym/microbit-dal/source/microbit-dal.a(MicroBitButton.cpp.obj)
                0x0001a340                MicroBitButton::~MicroBitButton()
                0x0001a340                MicroBitButton::~MicroBitButton()
 .text._ZN14MicroBitButtonC2E7PinNamet32MicroBitButtonEventConfiguration7PinMode
                0x0001a354       0x58 ym/microbit-dal/source/microbit-dal.a(MicroBitButton.cpp.obj)
                0x0001a354                MicroBitButton::MicroBitButton(PinName, unsigned short, MicroBitButtonEventConfiguration, PinMode)
                0x0001a354                MicroBitButton::MicroBitButton(PinName, unsigned short, MicroBitButtonEventConfiguration, PinMode)
 .text._ZN15MicroBitCompass9configureEv
                0x0001a3ac        0x8 ym/microbit-dal/source/microbit-dal.a(MicroBitCompass.cpp.obj)
                0x0001a3ac                MicroBitCompass::configure()
 .text._ZN15MicroBitCompass13requestUpdateEv
                0x0001a3b4       0x10 ym/microbit-dal/source/microbit-dal.a(MicroBitCompass.cpp.obj)
                0x0001a3b4                MicroBitCompass::requestUpdate()
 .text._ZN15MicroBitCompassC2ER15CoordinateSpacet
                0x0001a3c4       0x40 ym/microbit-dal/source/microbit-dal.a(MicroBitCompass.cpp.obj)
                0x0001a3c4                MicroBitCompass::MicroBitCompass(CoordinateSpace&, unsigned short)
                0x0001a3c4                MicroBitCompass::MicroBitCompass(CoordinateSpace&, unsigned short)
 .text._ZN15MicroBitCompass10autoDetectER11MicroBitI2C
                0x0001a404      0x14c ym/microbit-dal/source/microbit-dal.a(MicroBitCompass.cpp.obj)
                0x0001a404                MicroBitCompass::autoDetect(MicroBitI2C&)
 .text._ZN10EventModel6listenI25MicroBitCompassCalibratorEEittPT_MS2_Fv13MicroBitEventEt.isra.0
                0x0001a550       0xa4 ym/microbit-dal/source/microbit-dal.a(MicroBitCompassCalibrator.cpp.obj)
 .text._ZN25MicroBitCompassCalibratorC2ER15MicroBitCompassR21MicroBitAccelerometerR15MicroBitDisplayR15MicroBitStorage
                0x0001a5f4       0x80 ym/microbit-dal/source/microbit-dal.a(MicroBitCompassCalibrator.cpp.obj)
                0x0001a5f4                MicroBitCompassCalibrator::MicroBitCompassCalibrator(MicroBitCompass&, MicroBitAccelerometer&, MicroBitDisplay&, MicroBitStorage&)
                0x0001a5f4                MicroBitCompassCalibrator::MicroBitCompassCalibrator(MicroBitCompass&, MicroBitAccelerometer&, MicroBitDisplay&, MicroBitStorage&)
 .text._ZN25MicroBitCompassCalibrator11calibrateUXE13MicroBitEvent
                0x0001a674      0x284 ym/microbit-dal/source/microbit-dal.a(MicroBitCompassCalibrator.cpp.obj)
                0x0001a674                MicroBitCompassCalibrator::calibrateUX(MicroBitEvent)
 .text._ZN15MicroBitDisplay15renderGreyscaleEv
                0x0001a8f8       0xfc ym/microbit-dal/source/microbit-dal.a(MicroBitDisplay.cpp.obj)
                0x0001a8f8                MicroBitDisplay::renderGreyscale()
 .text._ZN15MicroBitDisplayD2Ev
                0x0001a9f4       0x4c ym/microbit-dal/source/microbit-dal.a(MicroBitDisplay.cpp.obj)
                0x0001a9f4                MicroBitDisplay::~MicroBitDisplay()
                0x0001a9f4                MicroBitDisplay::~MicroBitDisplay()
 .text._ZN15MicroBitDisplayC2EtRK9MatrixMap
                0x0001aa40       0xd4 ym/microbit-dal/source/microbit-dal.a(MicroBitDisplay.cpp.obj)
                0x0001aa40                MicroBitDisplay::MicroBitDisplay(unsigned short, MatrixMap const&)
                0x0001aa40                MicroBitDisplay::MicroBitDisplay(unsigned short, MatrixMap const&)
 .text._ZN15MicroBitDisplay6renderEv
                0x0001ab14       0xf4 ym/microbit-dal/source/microbit-dal.a(MicroBitDisplay.cpp.obj)
                0x0001ab14                MicroBitDisplay::render()
 .text._ZN15MicroBitDisplay26sendAnimationCompleteEventEv
                0x0001ac08       0x24 ym/microbit-dal/source/microbit-dal.a(MicroBitDisplay.cpp.obj)
                0x0001ac08                MicroBitDisplay::sendAnimationCompleteEvent()
 .text._ZN15MicroBitDisplay13stopAnimationEv
                0x0001ac2c       0x38 ym/microbit-dal/source/microbit-dal.a(MicroBitDisplay.cpp.obj)
                0x0001ac2c                MicroBitDisplay::stopAnimation()
 .text._ZN15MicroBitDisplay18waitForFreeDisplayEv
                0x0001ac64       0x24 ym/microbit-dal/source/microbit-dal.a(MicroBitDisplay.cpp.obj)
                0x0001ac64                MicroBitDisplay::waitForFreeDisplay()
 .text._ZN15MicroBitDisplay9fiberWaitEv
                0x0001ac88       0x2c ym/microbit-dal/source/microbit-dal.a(MicroBitDisplay.cpp.obj)
                0x0001ac88                MicroBitDisplay::fiberWait()
 .text._ZN15MicroBitDisplay10printAsyncE13MicroBitImageiiii
                0x0001acb4       0x54 ym/microbit-dal/source/microbit-dal.a(MicroBitDisplay.cpp.obj)
                0x0001acb4                MicroBitDisplay::printAsync(MicroBitImage, int, int, int, int)
 .text._ZN15MicroBitDisplay5printE13MicroBitImageiiii
                0x0001ad08       0x64 ym/microbit-dal/source/microbit-dal.a(MicroBitDisplay.cpp.obj)
                0x0001ad08                MicroBitDisplay::print(MicroBitImage, int, int, int, int)
 .text._ZN15MicroBitDisplay11scrollAsyncE13ManagedStringi
                0x0001ad6c       0x54 ym/microbit-dal/source/microbit-dal.a(MicroBitDisplay.cpp.obj)
                0x0001ad6c                MicroBitDisplay::scrollAsync(ManagedString, int)
 .text._ZN15MicroBitDisplay6scrollE13ManagedStringi
                0x0001adc0       0x4c ym/microbit-dal/source/microbit-dal.a(MicroBitDisplay.cpp.obj)
                0x0001adc0                MicroBitDisplay::scroll(ManagedString, int)
 .text._ZN15MicroBitDisplay12animateAsyncE13MicroBitImageiiii
                0x0001ae0c       0x74 ym/microbit-dal/source/microbit-dal.a(MicroBitDisplay.cpp.obj)
                0x0001ae0c                MicroBitDisplay::animateAsync(MicroBitImage, int, int, int, int)
 .text._ZN15MicroBitDisplay7animateE13MicroBitImageiiii
                0x0001ae80       0x5c ym/microbit-dal/source/microbit-dal.a(MicroBitDisplay.cpp.obj)
                0x0001ae80                MicroBitDisplay::animate(MicroBitImage, int, int, int, int)
 .text._ZN15MicroBitDisplay13setBrightnessEi
                0x0001aedc       0x14 ym/microbit-dal/source/microbit-dal.a(MicroBitDisplay.cpp.obj)
                0x0001aedc                MicroBitDisplay::setBrightness(int)
 .text._ZN11MicroBitI2C4readEiPcib
                0x0001aef0       0x20 ym/microbit-dal/source/microbit-dal.a(MicroBitI2C.cpp.obj)
                0x0001aef0                MicroBitI2C::read(int, char*, int, bool)
 .text._ZN11MicroBitI2C5writeEiPKcib
                0x0001af10       0x20 ym/microbit-dal/source/microbit-dal.a(MicroBitI2C.cpp.obj)
                0x0001af10                MicroBitI2C::write(int, char const*, int, bool)
 .text._ZN11MicroBitI2C12readRegisterEhhPhi
                0x0001af30       0x4c ym/microbit-dal/source/microbit-dal.a(MicroBitI2C.cpp.obj)
                0x0001af30                MicroBitI2C::readRegister(unsigned char, unsigned char, unsigned char*, int)
 .text._ZN18MicroBitMessageBus6removeEP16MicroBitListener
                0x0001af7c       0x94 ym/microbit-dal/source/microbit-dal.a(MicroBitMessageBus.cpp.obj)
                0x0001af7c                MicroBitMessageBus::remove(MicroBitListener*)
 .text._ZN18MicroBitMessageBus3addEP16MicroBitListener
                0x0001b010       0xd4 ym/microbit-dal/source/microbit-dal.a(MicroBitMessageBus.cpp.obj)
                0x0001b010                MicroBitMessageBus::add(MicroBitListener*)
 .text._ZN18MicroBitMessageBusD2Ev
                0x0001b0e4       0x20 ym/microbit-dal/source/microbit-dal.a(MicroBitMessageBus.cpp.obj)
                0x0001b0e4                MicroBitMessageBus::~MicroBitMessageBus()
                0x0001b0e4                MicroBitMessageBus::~MicroBitMessageBus()
 .text._ZThn8_N18MicroBitMessageBusD1Ev
                0x0001b104       0x10 ym/microbit-dal/source/microbit-dal.a(MicroBitMessageBus.cpp.obj)
                0x0001b104                non-virtual thunk to MicroBitMessageBus::~MicroBitMessageBus()
 .text._ZThn8_N18MicroBitMessageBusD0Ev
                0x0001b114       0x10 ym/microbit-dal/source/microbit-dal.a(MicroBitMessageBus.cpp.obj)
                0x0001b114                non-virtual thunk to MicroBitMessageBus::~MicroBitMessageBus()
 .text._ZN18MicroBitMessageBusC2Ev
                0x0001b124       0x3c ym/microbit-dal/source/microbit-dal.a(MicroBitMessageBus.cpp.obj)
                0x0001b124                MicroBitMessageBus::MicroBitMessageBus()
                0x0001b124                MicroBitMessageBus::MicroBitMessageBus()
 .text._ZN18MicroBitMessageBus7processE13MicroBitEventb
                0x0001b160       0x98 ym/microbit-dal/source/microbit-dal.a(MicroBitMessageBus.cpp.obj)
                0x0001b160                MicroBitMessageBus::process(MicroBitEvent, bool)
 .text._ZThn8_N18MicroBitMessageBus8idleTickEv
                0x0001b1f8       0x10 ym/microbit-dal/source/microbit-dal.a(MicroBitMessageBus.cpp.obj)
                0x0001b1f8                non-virtual thunk to MicroBitMessageBus::idleTick()
 .text.startup._GLOBAL__sub_I__ZN18MicroBitMessageBusC2Ev
                0x0001b208       0x10 ym/microbit-dal/source/microbit-dal.a(MicroBitMessageBus.cpp.obj)
 .text._ZN10EventModel6listenI19MicroBitMultiButtonEEittPT_MS2_Fv13MicroBitEventEt.isra.0
                0x0001b218       0xa4 ym/microbit-dal/source/microbit-dal.a(MicroBitMultiButton.cpp.obj)
 .text._ZN19MicroBitMultiButtonC2Ettt
                0x0001b2bc       0x74 ym/microbit-dal/source/microbit-dal.a(MicroBitMultiButton.cpp.obj)
                0x0001b2bc                MicroBitMultiButton::MicroBitMultiButton(unsigned short, unsigned short, unsigned short)
                0x0001b2bc                MicroBitMultiButton::MicroBitMultiButton(unsigned short, unsigned short, unsigned short)
 .text._ZN11MicroBitPinC2Ei7PinName13PinCapability
                0x0001b330       0x1c ym/microbit-dal/source/microbit-dal.a(MicroBitPin.cpp.obj)
                0x0001b330                MicroBitPin::MicroBitPin(int, PinName, PinCapability)
                0x0001b330                MicroBitPin::MicroBitPin(int, PinName, PinCapability)
 .text._ZN11MicroBitPin10disconnectEv
                0x0001b34c       0x88 ym/microbit-dal/source/microbit-dal.a(MicroBitPin.cpp.obj)
                0x0001b34c                MicroBitPin::disconnect()
 .text._ZN11MicroBitPin15setDigitalValueEi
                0x0001b3d4       0x6c ym/microbit-dal/source/microbit-dal.a(MicroBitPin.cpp.obj)
                0x0001b3d4                MicroBitPin::setDigitalValue(int)
 .text._ZN11MicroBitPin15getDigitalValueEv
                0x0001b440       0x70 ym/microbit-dal/source/microbit-dal.a(MicroBitPin.cpp.obj)
                0x0001b440                MicroBitPin::getDigitalValue()
 .text._ZN11MicroBitPin7setPullE7PinMode
                0x0001b4b0       0x2c ym/microbit-dal/source/microbit-dal.a(MicroBitPin.cpp.obj)
                0x0001b4b0                MicroBitPin::setPull(PinMode)
 .text._ZN13MicroBitRadioC2Et
                0x0001b4dc       0x40 ym/microbit-dal/source/microbit-dal.a(MicroBitRadio.cpp.obj)
                0x0001b4dc                MicroBitRadio::MicroBitRadio(unsigned short)
                0x0001b4dc                MicroBitRadio::MicroBitRadio(unsigned short)
 .text._ZN13MicroBitRadio7setRSSIEi
                0x0001b51c       0x14 ym/microbit-dal/source/microbit-dal.a(MicroBitRadio.cpp.obj)
                0x0001b51c                MicroBitRadio::setRSSI(int)
 .text._ZN13MicroBitRadio7getRSSIEv
                0x0001b530       0x14 ym/microbit-dal/source/microbit-dal.a(MicroBitRadio.cpp.obj)
                0x0001b530                MicroBitRadio::getRSSI()
 .text._ZN13MicroBitRadio10queueRxBufEv
                0x0001b544       0x60 ym/microbit-dal/source/microbit-dal.a(MicroBitRadio.cpp.obj)
                0x0001b544                MicroBitRadio::queueRxBuf()
 .text.RADIO_IRQHandler
                0x0001b5a4       0x68 ym/microbit-dal/source/microbit-dal.a(MicroBitRadio.cpp.obj)
                0x0001b5a4                RADIO_IRQHandler
 .text._ZN13MicroBitRadio8setGroupEh
                0x0001b60c       0x28 ym/microbit-dal/source/microbit-dal.a(MicroBitRadio.cpp.obj)
                0x0001b60c                MicroBitRadio::setGroup(unsigned char)
 .text._ZN13MicroBitRadio6enableEv
                0x0001b634      0x124 ym/microbit-dal/source/microbit-dal.a(MicroBitRadio.cpp.obj)
                0x0001b634                MicroBitRadio::enable()
 .text._ZN13MicroBitRadio4recvEv
                0x0001b758       0x28 ym/microbit-dal/source/microbit-dal.a(MicroBitRadio.cpp.obj)
                0x0001b758                MicroBitRadio::recv()
 .text._ZN13MicroBitRadio4sendEP11FrameBuffer
                0x0001b780       0xa8 ym/microbit-dal/source/microbit-dal.a(MicroBitRadio.cpp.obj)
                0x0001b780                MicroBitRadio::send(FrameBuffer*)
 .text._ZN21MicroBitRadioDatagram4sendEPhi
                0x0001b828       0x38 ym/microbit-dal/source/microbit-dal.a(MicroBitRadioDatagram.cpp.obj)
                0x0001b828                MicroBitRadioDatagram::send(unsigned char*, int)
 .text._ZN14MicroBitSerialC2E7PinNameS0_hh
                0x0001b860       0x58 ym/microbit-dal/source/microbit-dal.a(MicroBitSerial.cpp.obj)
                0x0001b860                MicroBitSerial::MicroBitSerial(PinName, PinName, unsigned char, unsigned char)
                0x0001b860                MicroBitSerial::MicroBitSerial(PinName, PinName, unsigned char, unsigned char)
 .text._ZN15MicroBitStorage4sizeEv
                0x0001b8b8       0x60 ym/microbit-dal/source/microbit-dal.a(MicroBitStorage.cpp.obj)
                0x0001b8b8                MicroBitStorage::size()
 .text._ZN15MicroBitStorage3putEPKcPhi
                0x0001b918      0x1b0 ym/microbit-dal/source/microbit-dal.a(MicroBitStorage.cpp.obj)
                0x0001b918                MicroBitStorage::put(char const*, unsigned char*, int)
 .text._ZN15MicroBitStorage6removeEPKc
                0x0001bac8       0xd8 ym/microbit-dal/source/microbit-dal.a(MicroBitStorage.cpp.obj)
                0x0001bac8                MicroBitStorage::remove(char const*)
 .text._ZN19MicroBitThermometerC2ER15MicroBitStoraget
                0x0001bba0       0x48 ym/microbit-dal/source/microbit-dal.a(MicroBitThermometer.cpp.obj)
                0x0001bba0                MicroBitThermometer::MicroBitThermometer(MicroBitStorage&, unsigned short)
                0x0001bba0                MicroBitThermometer::MicroBitThermometer(MicroBitStorage&, unsigned short)
 .text._ZN19MicroBitThermometer12updateSampleEv
                0x0001bbe8       0x8c ym/microbit-dal/source/microbit-dal.a(MicroBitThermometer.cpp.obj)
                0x0001bbe8                MicroBitThermometer::updateSample()
 .text._ZL18nvmc_event_handlerm
                0x0001bc74       0x10 ym/microbit-dal/source/microbit-dal.a(MicroBitFlash.cpp.obj)
 .text._ZN13MicroBitFlashC2Ev
                0x0001bc84       0x24 ym/microbit-dal/source/microbit-dal.a(MicroBitFlash.cpp.obj)
                0x0001bc84                MicroBitFlash::MicroBitFlash()
                0x0001bc84                MicroBitFlash::MicroBitFlash()
 .text._ZN13MicroBitFlash10erase_pageEPm
                0x0001bca8       0x68 ym/microbit-dal/source/microbit-dal.a(MicroBitFlash.cpp.obj)
                0x0001bca8                MicroBitFlash::erase_page(unsigned long*)
 .text._ZN13MicroBitFlash10flash_burnEPmS0_i
                0x0001bd10       0x7c ym/microbit-dal/source/microbit-dal.a(MicroBitFlash.cpp.obj)
                0x0001bd10                MicroBitFlash::flash_burn(unsigned long*, unsigned long*, int)
 .text._ZThn68_N8FXOS87008idleTickEv
                0x0001bd8c       0x10 ym/microbit-dal/source/microbit-dal.a(FXOS8700.cpp.obj)
                0x0001bd8c                non-virtual thunk to FXOS8700::idleTick()
 .text._ZN8FXOS87009configureEv
                0x0001bd9c       0xe8 ym/microbit-dal/source/microbit-dal.a(FXOS8700.cpp.obj)
                0x0001bd9c                FXOS8700::configure()
 .text._ZThn68_N8FXOS87009configureEv
                0x0001be84       0x10 ym/microbit-dal/source/microbit-dal.a(FXOS8700.cpp.obj)
                0x0001be84                non-virtual thunk to FXOS8700::configure()
 .text._ZN8FXOS870013requestUpdateEv
                0x0001be94       0xc0 ym/microbit-dal/source/microbit-dal.a(FXOS8700.cpp.obj)
                0x0001be94                FXOS8700::requestUpdate()
 .text._ZThn68_N8FXOS870013requestUpdateEv
                0x0001bf54       0x10 ym/microbit-dal/source/microbit-dal.a(FXOS8700.cpp.obj)
                0x0001bf54                non-virtual thunk to FXOS8700::requestUpdate()
 .text._ZN8FXOS8700D2Ev
                0x0001bf64       0x24 ym/microbit-dal/source/microbit-dal.a(FXOS8700.cpp.obj)
                0x0001bf64                FXOS8700::~FXOS8700()
                0x0001bf64                FXOS8700::~FXOS8700()
 .text._ZThn68_N8FXOS8700D1Ev
                0x0001bf88       0x10 ym/microbit-dal/source/microbit-dal.a(FXOS8700.cpp.obj)
                0x0001bf88                non-virtual thunk to FXOS8700::~FXOS8700()
 .text._ZThn68_N8FXOS8700D0Ev
                0x0001bf98       0x10 ym/microbit-dal/source/microbit-dal.a(FXOS8700.cpp.obj)
                0x0001bf98                non-virtual thunk to FXOS8700::~FXOS8700()
 .text._ZN8FXOS8700C2ER11MicroBitI2C11MicroBitPinR15CoordinateSpacettt
                0x0001bfa8       0x80 ym/microbit-dal/source/microbit-dal.a(FXOS8700.cpp.obj)
                0x0001bfa8                FXOS8700::FXOS8700(MicroBitI2C&, MicroBitPin, CoordinateSpace&, unsigned short, unsigned short, unsigned short)
                0x0001bfa8                FXOS8700::FXOS8700(MicroBitI2C&, MicroBitPin, CoordinateSpace&, unsigned short, unsigned short, unsigned short)
 .text._ZN7MMA86539configureEv
                0x0001c028       0xb8 ym/microbit-dal/source/microbit-dal.a(MMA8653.cpp.obj)
                0x0001c028                MMA8653::configure()
 .text._ZN7MMA865313requestUpdateEv
                0x0001c0e0       0x78 ym/microbit-dal/source/microbit-dal.a(MMA8653.cpp.obj)
                0x0001c0e0                MMA8653::requestUpdate()
 .text._ZN7MMA8653D2Ev
                0x0001c158       0x14 ym/microbit-dal/source/microbit-dal.a(MMA8653.cpp.obj)
                0x0001c158                MMA8653::~MMA8653()
                0x0001c158                MMA8653::~MMA8653()
 .text._ZN7MMA8653C2ER11MicroBitI2C11MicroBitPinR15CoordinateSpacett
                0x0001c16c       0x5c ym/microbit-dal/source/microbit-dal.a(MMA8653.cpp.obj)
                0x0001c16c                MMA8653::MMA8653(MicroBitI2C&, MicroBitPin, CoordinateSpace&, unsigned short, unsigned short)
                0x0001c16c                MMA8653::MMA8653(MicroBitI2C&, MicroBitPin, CoordinateSpace&, unsigned short, unsigned short)
 .text._ZN7MAG31109configureEv
                0x0001c1c8       0xa4 ym/microbit-dal/source/microbit-dal.a(MAG3110.cpp.obj)
                0x0001c1c8                MAG3110::configure()
 .text._ZN7MAG311013requestUpdateEv
                0x0001c26c       0x74 ym/microbit-dal/source/microbit-dal.a(MAG3110.cpp.obj)
                0x0001c26c                MAG3110::requestUpdate()
 .text._ZN7MAG3110D2Ev
                0x0001c2e0       0x14 ym/microbit-dal/source/microbit-dal.a(MAG3110.cpp.obj)
                0x0001c2e0                MAG3110::~MAG3110()
                0x0001c2e0                MAG3110::~MAG3110()
 .text._ZN7MAG3110C2ER11MicroBitI2C11MicroBitPinR15CoordinateSpacett
                0x0001c2f4       0x54 ym/microbit-dal/source/microbit-dal.a(MAG3110.cpp.obj)
                0x0001c2f4                MAG3110::MAG3110(MicroBitI2C&, MicroBitPin, CoordinateSpace&, unsigned short, unsigned short)
                0x0001c2f4                MAG3110::MAG3110(MicroBitI2C&, MicroBitPin, CoordinateSpace&, unsigned short, unsigned short)
 .text._ZN19LSM303Accelerometer9configureEv
                0x0001c348       0x9c ym/microbit-dal/source/microbit-dal.a(LSM303Accelerometer.cpp.obj)
                0x0001c348                LSM303Accelerometer::configure()
 .text._ZN19LSM303Accelerometer13requestUpdateEv
                0x0001c3e4       0x94 ym/microbit-dal/source/microbit-dal.a(LSM303Accelerometer.cpp.obj)
                0x0001c3e4                LSM303Accelerometer::requestUpdate()
 .text._ZN19LSM303AccelerometerD2Ev
                0x0001c478       0x14 ym/microbit-dal/source/microbit-dal.a(LSM303Accelerometer.cpp.obj)
                0x0001c478                LSM303Accelerometer::~LSM303Accelerometer()
                0x0001c478                LSM303Accelerometer::~LSM303Accelerometer()
 .text._ZN19LSM303AccelerometerC2ER11MicroBitI2C11MicroBitPinR15CoordinateSpacett
                0x0001c48c       0x5c ym/microbit-dal/source/microbit-dal.a(LSM303Accelerometer.cpp.obj)
                0x0001c48c                LSM303Accelerometer::LSM303Accelerometer(MicroBitI2C&, MicroBitPin, CoordinateSpace&, unsigned short, unsigned short)
                0x0001c48c                LSM303Accelerometer::LSM303Accelerometer(MicroBitI2C&, MicroBitPin, CoordinateSpace&, unsigned short, unsigned short)
 .text._ZN18LSM303Magnetometer9configureEv
                0x0001c4e8       0x60 ym/microbit-dal/source/microbit-dal.a(LSM303Magnetometer.cpp.obj)
                0x0001c4e8                LSM303Magnetometer::configure()
 .text._ZN18LSM303Magnetometer13requestUpdateEv
                0x0001c548       0x74 ym/microbit-dal/source/microbit-dal.a(LSM303Magnetometer.cpp.obj)
                0x0001c548                LSM303Magnetometer::requestUpdate()
 .text._ZN18LSM303MagnetometerD2Ev
                0x0001c5bc       0x14 ym/microbit-dal/source/microbit-dal.a(LSM303Magnetometer.cpp.obj)
                0x0001c5bc                LSM303Magnetometer::~LSM303Magnetometer()
                0x0001c5bc                LSM303Magnetometer::~LSM303Magnetometer()
 .text._ZN18LSM303MagnetometerC2ER11MicroBitI2C11MicroBitPinR15CoordinateSpacett
                0x0001c5d0       0x54 ym/microbit-dal/source/microbit-dal.a(LSM303Magnetometer.cpp.obj)
                0x0001c5d0                LSM303Magnetometer::LSM303Magnetometer(MicroBitI2C&, MicroBitPin, CoordinateSpace&, unsigned short, unsigned short)
                0x0001c5d0                LSM303Magnetometer::LSM303Magnetometer(MicroBitI2C&, MicroBitPin, CoordinateSpace&, unsigned short, unsigned short)
 .text._ZN18MicroBitBLEManagerD2Ev
                0x0001c624       0x20 ym/microbit-dal/source/microbit-dal.a(MicroBitBLEManager.cpp.obj)
                0x0001c624                MicroBitBLEManager::~MicroBitBLEManager()
                0x0001c624                MicroBitBLEManager::~MicroBitBLEManager()
 .text._ZL25bleSysAttrMissingCallbackPK32GattSysAttrMissingCallbackParams
                0x0001c644       0xc8 ym/microbit-dal/source/microbit-dal.a(MicroBitBLEManager.cpp.obj)
 .text._ZN18MicroBitBLEManager8idleTickEv
                0x0001c70c      0x110 ym/microbit-dal/source/microbit-dal.a(MicroBitBLEManager.cpp.obj)
                0x0001c70c                MicroBitBLEManager::idleTick()
 .text._ZN18GattCharacteristicC2ERK4UUIDPhtthPP13GattAttributejb
                0x0001c81c       0x8c ym/microbit-dal/source/microbit-dal.a(MicroBitBLEManager.cpp.obj)
                0x0001c81c                GattCharacteristic::GattCharacteristic(UUID const&, unsigned char*, unsigned short, unsigned short, unsigned char, GattAttribute**, unsigned int, bool)
                0x0001c81c                GattCharacteristic::GattCharacteristic(UUID const&, unsigned char*, unsigned short, unsigned short, unsigned char, GattAttribute**, unsigned int, bool)
 .text._ZN3BLE22setAdvertisingIntervalEt
                0x0001c8a8       0x3c ym/microbit-dal/source/microbit-dal.a(MicroBitBLEManager.cpp.obj)
                0x0001c8a8                BLE::setAdvertisingInterval(unsigned short)
 .text._ZN24DeviceInformationServiceC2ER3BLEPKcS3_S3_S3_S3_S3_
                0x0001c8e4      0x1e0 ym/microbit-dal/source/microbit-dal.a(MicroBitBLEManager.cpp.obj)
                0x0001c8e4                DeviceInformationService::DeviceInformationService(BLE&, char const*, char const*, char const*, char const*, char const*, char const*)
                0x0001c8e4                DeviceInformationService::DeviceInformationService(BLE&, char const*, char const*, char const*, char const*, char const*, char const*)
 .text._ZN18MicroBitBLEManagerC2ER15MicroBitStorage
                0x0001cac4       0x3c ym/microbit-dal/source/microbit-dal.a(MicroBitBLEManager.cpp.obj)
                0x0001cac4                MicroBitBLEManager::MicroBitBLEManager(MicroBitStorage&)
                0x0001cac4                MicroBitBLEManager::MicroBitBLEManager(MicroBitStorage&)
 .text._ZL24bleDisconnectionCallbackPKN3Gap29DisconnectionCallbackParams_tE
                0x0001cb00       0x3c ym/microbit-dal/source/microbit-dal.a(MicroBitBLEManager.cpp.obj)
 .text._ZN18MicroBitBLEManager16setTransmitPowerEi
                0x0001cb3c       0x34 ym/microbit-dal/source/microbit-dal.a(MicroBitBLEManager.cpp.obj)
                0x0001cb3c                MicroBitBLEManager::setTransmitPower(int)
 .text._ZN18MicroBitBLEManager4initE13ManagedStringS0_R10EventModelb
                0x0001cb70      0x2b4 ym/microbit-dal/source/microbit-dal.a(MicroBitBLEManager.cpp.obj)
                0x0001cb70                MicroBitBLEManager::init(ManagedString, ManagedString, EventModel&, bool)
 .text._ZL22passkeyDisplayCallbacktPKh
                0x0001ce24       0x34 ym/microbit-dal/source/microbit-dal.a(MicroBitBLEManager.cpp.obj)
 .text._ZL30securitySetupCompletedCallbacktN15SecurityManager26SecurityCompletionStatus_tE
                0x0001ce58       0x40 ym/microbit-dal/source/microbit-dal.a(MicroBitBLEManager.cpp.obj)
 .text._ZN18MicroBitBLEManager27showManagementModeAnimationER15MicroBitDisplay
                0x0001ce98       0xa8 ym/microbit-dal/source/microbit-dal.a(MicroBitBLEManager.cpp.obj)
                0x0001ce98                MicroBitBLEManager::showManagementModeAnimation(MicroBitDisplay&)
 .text._ZN18MicroBitBLEManager11pairingModeER15MicroBitDisplayR14MicroBitButton
                0x0001cf40      0x284 ym/microbit-dal/source/microbit-dal.a(MicroBitBLEManager.cpp.obj)
                0x0001cf40                MicroBitBLEManager::pairingMode(MicroBitDisplay&, MicroBitButton&)
 .text._ZN18MicroBitDFUServiceC2ER3BLE
                0x0001d1c4      0x18c ym/microbit-dal/source/microbit-dal.a(MicroBitDFUService.cpp.obj)
                0x0001d1c4                MicroBitDFUService::MicroBitDFUService(BLE&)
                0x0001d1c4                MicroBitDFUService::MicroBitDFUService(BLE&)
 .text._ZN20MicroBitEventServiceC2ER3BLER10EventModel
                0x0001d350      0x1fc ym/microbit-dal/source/microbit-dal.a(MicroBitEventService.cpp.obj)
                0x0001d350                MicroBitEventService::MicroBitEventService(BLE&, EventModel&)
                0x0001d350                MicroBitEventService::MicroBitEventService(BLE&, EventModel&)
 .text._ZN16MicroBitListenerC2I20MicroBitEventServiceEEttPT_MS2_Fv13MicroBitEventEt
                0x0001d54c       0x70 ym/microbit-dal/source/microbit-dal.a(MicroBitEventService.cpp.obj)
                0x0001d54c                MicroBitListener::MicroBitListener<MicroBitEventService>(unsigned short, unsigned short, MicroBitEventService*, void (MicroBitEventService::*)(MicroBitEvent), unsigned short)
                0x0001d54c                MicroBitListener::MicroBitListener<MicroBitEventService>(unsigned short, unsigned short, MicroBitEventService*, void (MicroBitEventService::*)(MicroBitEvent), unsigned short)
 .text._ZN20MicroBitEventService8idleTickEv
                0x0001d5bc       0x58 ym/microbit-dal/source/microbit-dal.a(MicroBitEventService.cpp.obj)
                0x0001d5bc                MicroBitEventService::idleTick()
 .text._ZN20MicroBitEventService13onDataWrittenEPK23GattWriteCallbackParams
                0x0001d614       0x90 ym/microbit-dal/source/microbit-dal.a(MicroBitEventService.cpp.obj)
                0x0001d614                MicroBitEventService::onDataWritten(GattWriteCallbackParams const*)
 .text          0x0001d6a4      0x124 ym/microbit-dal/source/microbit-dal.a(CortexContextSwitch.s.obj)
                0x0001d6a4                swap_context
                0x0001d726                save_context
                0x0001d76a                save_register_context
                0x0001d79a                restore_register_context
 .text._Z14string_reversePc
                0x0001d7c8       0x2c ym/microbit-dal/source/microbit-dal.a(MicroBitCompat.cpp.obj)
                0x0001d7c8                string_reverse(char*)
 .text._Z4itoaiPc
                0x0001d7f4       0x64 ym/microbit-dal/source/microbit-dal.a(MicroBitCompat.cpp.obj)
                0x0001d7f4                itoa(int, char*)
 .text._ZNK13KeyValueTable4findEm
                0x0001d858       0x28 ym/microbit-dal/source/microbit-dal.a(MicroBitUtil.cpp.obj)
                0x0001d858                KeyValueTable::find(unsigned long) const
 .text._ZN3BLEC2Ej.part.0.constprop.0
                0x0001d880       0x20 ym/ble/source/ble.a(BLE.cpp.obj)
 .text._ZN3BLE8InstanceEj
                0x0001d8a0       0x48 ym/ble/source/ble.a(BLE.cpp.obj)
                0x0001d8a0                BLE::Instance(unsigned int)
 .text._ZNK3BLE3gapEv
                0x0001d8e8       0x20 ym/ble/source/ble.a(BLE.cpp.obj)
                0x0001d8e8                BLE::gap() const
 .text._ZNK3BLE10gattServerEv
                0x0001d908       0x20 ym/ble/source/ble.a(BLE.cpp.obj)
                0x0001d908                BLE::gattServer() const
 .text._ZNK3BLE15securityManagerEv
                0x0001d928       0x20 ym/ble/source/ble.a(BLE.cpp.obj)
                0x0001d928                BLE::securityManager() const
 .text._ZNK3Gap25getMaxAdvertisingIntervalEv
                0x0001d948        0x8 ym/ble-nrf51822/source/ble-nrf51822.a(nRF5xn.cpp.obj)
                0x0001d948                Gap::getMaxAdvertisingInterval() const
 .text._ZN10GattClient16discoverServicesEt26FunctionPointerWithContextIPK17DiscoveredServiceERK4UUID
                0x0001d950       0x60 ym/ble-nrf51822/source/ble-nrf51822.a(nRF5xn.cpp.obj)
                0x0001d950                GattClient::discoverServices(unsigned short, FunctionPointerWithContext<DiscoveredService const*>, UUID const&)
 .text._ZNK6nRF5xn18getSecurityManagerEv
                0x0001d9b0       0x34 ym/ble-nrf51822/source/ble-nrf51822.a(nRF5xn.cpp.obj)
                0x0001d9b0                nRF5xn::getSecurityManager() const
 .text._ZN6nRF5xn13getGattClientEv
                0x0001d9e4       0x48 ym/ble-nrf51822/source/ble-nrf51822.a(nRF5xn.cpp.obj)
                0x0001d9e4                nRF5xn::getGattClient()
 .text._ZN38CallChainOfFunctionPointersWithContextIPK3GapED2Ev
                0x0001da2c       0x20 ym/ble-nrf51822/source/ble-nrf51822.a(nRF5xn.cpp.obj)
                0x0001da2c                CallChainOfFunctionPointersWithContext<Gap const*>::~CallChainOfFunctionPointersWithContext()
                0x0001da2c                CallChainOfFunctionPointersWithContext<Gap const*>::~CallChainOfFunctionPointersWithContext()
 .text._ZN38CallChainOfFunctionPointersWithContextIN3Gap15TimeoutSource_tEED2Ev
                0x0001da4c       0x20 ym/ble-nrf51822/source/ble-nrf51822.a(nRF5xn.cpp.obj)
                0x0001da4c                CallChainOfFunctionPointersWithContext<Gap::TimeoutSource_t>::~CallChainOfFunctionPointersWithContext()
                0x0001da4c                CallChainOfFunctionPointersWithContext<Gap::TimeoutSource_t>::~CallChainOfFunctionPointersWithContext()
 .text._ZN38CallChainOfFunctionPointersWithContextIPKN3Gap26ConnectionCallbackParams_tEED2Ev
                0x0001da6c       0x20 ym/ble-nrf51822/source/ble-nrf51822.a(nRF5xn.cpp.obj)
                0x0001da6c                CallChainOfFunctionPointersWithContext<Gap::ConnectionCallbackParams_t const*>::~CallChainOfFunctionPointersWithContext()
                0x0001da6c                CallChainOfFunctionPointersWithContext<Gap::ConnectionCallbackParams_t const*>::~CallChainOfFunctionPointersWithContext()
 .text._ZN38CallChainOfFunctionPointersWithContextIPKN3Gap29DisconnectionCallbackParams_tEED2Ev
                0x0001da8c       0x20 ym/ble-nrf51822/source/ble-nrf51822.a(nRF5xn.cpp.obj)
                0x0001da8c                CallChainOfFunctionPointersWithContext<Gap::DisconnectionCallbackParams_t const*>::~CallChainOfFunctionPointersWithContext()
                0x0001da8c                CallChainOfFunctionPointersWithContext<Gap::DisconnectionCallbackParams_t const*>::~CallChainOfFunctionPointersWithContext()
 .text._ZN38CallChainOfFunctionPointersWithContextIPK15SecurityManagerED2Ev
                0x0001daac       0x20 ym/ble-nrf51822/source/ble-nrf51822.a(nRF5xn.cpp.obj)
                0x0001daac                CallChainOfFunctionPointersWithContext<SecurityManager const*>::~CallChainOfFunctionPointersWithContext()
                0x0001daac                CallChainOfFunctionPointersWithContext<SecurityManager const*>::~CallChainOfFunctionPointersWithContext()
 .text._ZN38CallChainOfFunctionPointersWithContextIPK10GattServerED2Ev
                0x0001dacc       0x20 ym/ble-nrf51822/source/ble-nrf51822.a(nRF5xn.cpp.obj)
                0x0001dacc                CallChainOfFunctionPointersWithContext<GattServer const*>::~CallChainOfFunctionPointersWithContext()
                0x0001dacc                CallChainOfFunctionPointersWithContext<GattServer const*>::~CallChainOfFunctionPointersWithContext()
 .text._ZN38CallChainOfFunctionPointersWithContextIjED2Ev
                0x0001daec       0x20 ym/ble-nrf51822/source/ble-nrf51822.a(nRF5xn.cpp.obj)
                0x0001daec                CallChainOfFunctionPointersWithContext<unsigned int>::~CallChainOfFunctionPointersWithContext()
                0x0001daec                CallChainOfFunctionPointersWithContext<unsigned int>::~CallChainOfFunctionPointersWithContext()
 .text._ZN38CallChainOfFunctionPointersWithContextIPK32GattSysAttrMissingCallbackParamsED2Ev
                0x0001db0c       0x20 ym/ble-nrf51822/source/ble-nrf51822.a(nRF5xn.cpp.obj)
                0x0001db0c                CallChainOfFunctionPointersWithContext<GattSysAttrMissingCallbackParams const*>::~CallChainOfFunctionPointersWithContext()
                0x0001db0c                CallChainOfFunctionPointersWithContext<GattSysAttrMissingCallbackParams const*>::~CallChainOfFunctionPointersWithContext()
 .text._ZN38CallChainOfFunctionPointersWithContextIPK10GattClientED2Ev
                0x0001db2c       0x20 ym/ble-nrf51822/source/ble-nrf51822.a(nRF5xn.cpp.obj)
                0x0001db2c                CallChainOfFunctionPointersWithContext<GattClient const*>::~CallChainOfFunctionPointersWithContext()
                0x0001db2c                CallChainOfFunctionPointersWithContext<GattClient const*>::~CallChainOfFunctionPointersWithContext()
 .text._ZN38CallChainOfFunctionPointersWithContextIPK21GattHVXCallbackParamsED2Ev
                0x0001db4c       0x20 ym/ble-nrf51822/source/ble-nrf51822.a(nRF5xn.cpp.obj)
                0x0001db4c                CallChainOfFunctionPointersWithContext<GattHVXCallbackParams const*>::~CallChainOfFunctionPointersWithContext()
                0x0001db4c                CallChainOfFunctionPointersWithContext<GattHVXCallbackParams const*>::~CallChainOfFunctionPointersWithContext()
 .text._ZN6nRF5xn10getVersionEv
                0x0001db6c       0x70 ym/ble-nrf51822/source/ble-nrf51822.a(nRF5xn.cpp.obj)
                0x0001db6c                nRF5xn::getVersion()
 .text._ZN6nRF5xn18getSecurityManagerEv
                0x0001dbdc       0x34 ym/ble-nrf51822/source/ble-nrf51822.a(nRF5xn.cpp.obj)
                0x0001dbdc                nRF5xn::getSecurityManager()
 .text._ZN6nRF5xnD2Ev
                0x0001dc10       0x5c ym/ble-nrf51822/source/ble-nrf51822.a(nRF5xn.cpp.obj)
                0x0001dc10                nRF5xn::~nRF5xn()
                0x0001dc10                nRF5xn::~nRF5xn()
 .text._ZN3Gap5resetEv
                0x0001dc6c       0xcc ym/ble-nrf51822/source/ble-nrf51822.a(nRF5xn.cpp.obj)
                0x0001dc6c                Gap::reset()
 .text._ZN6nRF5xnC2Ev
                0x0001dd38      0x130 ym/ble-nrf51822/source/ble-nrf51822.a(nRF5xn.cpp.obj)
                0x0001dd38                nRF5xn::nRF5xn()
                0x0001dd38                nRF5xn::nRF5xn()
 .text._ZN6nRF5xn8InstanceEj
                0x0001de68       0x24 ym/ble-nrf51822/source/ble-nrf51822.a(nRF5xn.cpp.obj)
                0x0001de68                nRF5xn::Instance(unsigned int)
 .text._ZN26FunctionPointerWithContextItEC2EPFvtE
                0x0001de8c       0x20 ym/ble-nrf51822/source/ble-nrf51822.a(nRF5xn.cpp.obj)
                0x0001de8c                FunctionPointerWithContext<unsigned short>::FunctionPointerWithContext(void (*)(unsigned short))
                0x0001de8c                FunctionPointerWithContext<unsigned short>::FunctionPointerWithContext(void (*)(unsigned short))
 .text._ZN15nRF5xGattServerC2Ev
                0x0001deac       0xa8 ym/ble-nrf51822/source/ble-nrf51822.a(nRF5xn.cpp.obj)
                0x0001deac                nRF5xGattServer::nRF5xGattServer()
                0x0001deac                nRF5xGattServer::nRF5xGattServer()
 .text._ZN38CallChainOfFunctionPointersWithContextIPK23GattWriteCallbackParamsED2Ev
                0x0001df54       0x14 ym/ble-nrf51822/source/ble-nrf51822.a(nRF5xn.cpp.obj)
                0x0001df54                CallChainOfFunctionPointersWithContext<GattWriteCallbackParams const*>::~CallChainOfFunctionPointersWithContext()
                0x0001df54                CallChainOfFunctionPointersWithContext<GattWriteCallbackParams const*>::~CallChainOfFunctionPointersWithContext()
 .text._ZN38CallChainOfFunctionPointersWithContextIPK22GattReadCallbackParamsED2Ev
                0x0001df68       0x14 ym/ble-nrf51822/source/ble-nrf51822.a(nRF5xn.cpp.obj)
                0x0001df68                CallChainOfFunctionPointersWithContext<GattReadCallbackParams const*>::~CallChainOfFunctionPointersWithContext()
                0x0001df68                CallChainOfFunctionPointersWithContext<GattReadCallbackParams const*>::~CallChainOfFunctionPointersWithContext()
 .text._ZL16sys_evt_dispatchm
                0x0001df7c       0x1c ym/ble-nrf51822/source/ble-nrf51822.a(btle.cpp.obj)
 .text._ZL12btle_handlerP9ble_evt_t
                0x0001df98      0x164 ym/ble-nrf51822/source/ble-nrf51822.a(btle.cpp.obj)
 .text.btle_set_gatt_table_size
                0x0001e0fc       0x14 ym/ble-nrf51822/source/ble-nrf51822.a(btle.cpp.obj)
                0x0001e0fc                btle_set_gatt_table_size
 .text.btle_set_user_evt_handler
                0x0001e110        0xc ym/ble-nrf51822/source/ble-nrf51822.a(btle.cpp.obj)
                0x0001e110                btle_set_user_evt_handler
 .text.btle_init
                0x0001e11c       0xa0 ym/ble-nrf51822/source/ble-nrf51822.a(btle.cpp.obj)
                0x0001e11c                btle_init
 .text.app_error_handler
                0x0001e1bc       0x20 ym/ble-nrf51822/source/ble-nrf51822.a(btle.cpp.obj)
                0x0001e1bc                app_error_handler
 .text._ZN8nRF5xGap25getPermittedTxPowerValuesEPPKaPj
                0x0001e1dc       0x10 ym/ble-nrf51822/source/ble-nrf51822.a(nRF5xGap.cpp.obj)
                0x0001e1dc                nRF5xGap::getPermittedTxPowerValues(signed char const**, unsigned int*)
 .text._Z31radioNotificationStaticCallbackb
                0x0001e1ec       0x40 ym/ble-nrf51822/source/ble-nrf51822.a(nRF5xGap.cpp.obj)
                0x0001e1ec                radioNotificationStaticCallback(bool)
 .text._ZN8nRF5xGap21initRadioNotificationEv
                0x0001e22c       0x1c ym/ble-nrf51822/source/ble-nrf51822.a(nRF5xGap.cpp.obj)
                0x0001e22c                nRF5xGap::initRadioNotification()
 .text._ZN8nRF5xGap22generateStackWhitelistER19ble_gap_whitelist_t
                0x0001e248       0xe0 ym/ble-nrf51822/source/ble-nrf51822.a(nRF5xGap.cpp.obj)
                0x0001e248                nRF5xGap::generateStackWhitelist(ble_gap_whitelist_t&)
 .text._ZN8nRF5xGap16startAdvertisingERK20GapAdvertisingParams
                0x0001e328       0x9c ym/ble-nrf51822/source/ble-nrf51822.a(nRF5xGap.cpp.obj)
                0x0001e328                nRF5xGap::startAdvertising(GapAdvertisingParams const&)
 .text._ZN8nRF5xGap7connectEPKhN11BLEProtocol11AddressType4TypeEPKN3Gap18ConnectionParams_tEPK17GapScanningParams
                0x0001e3c4      0x104 ym/ble-nrf51822/source/ble-nrf51822.a(nRF5xGap.cpp.obj)
                0x0001e3c4                nRF5xGap::connect(unsigned char const*, BLEProtocol::AddressType::Type, Gap::ConnectionParams_t const*, GapScanningParams const*)
 .text._Z13btle_gap_initv
                0x0001e4c8       0x4c ym/ble-nrf51822/source/ble-nrf51822.a(btle_gap.cpp.obj)
                0x0001e4c8                btle_gap_init()
 .text._Z27btle_hasInitializedSecurityv
                0x0001e514        0xc ym/ble-nrf51822/source/ble-nrf51822.a(btle_security.cpp.obj)
                0x0001e514                btle_hasInitializedSecurity()
 .text._Z23btle_initializeSecuritybbN15SecurityManager24SecurityIOCapabilities_tEPKh
                0x0001e520       0xc0 ym/ble-nrf51822/source/ble-nrf51822.a(btle_security.cpp.obj)
                0x0001e520                btle_initializeSecurity(bool, bool, SecurityManager::SecurityIOCapabilities_t, unsigned char const*)
 .text._Z25btle_purgeAllBondingStatev
                0x0001e5e0       0x20 ym/ble-nrf51822/source/ble-nrf51822.a(btle_security.cpp.obj)
                0x0001e5e0                btle_purgeAllBondingState()
 .text._Z20btle_getLinkSecuritytPN15SecurityManager20LinkSecurityStatus_tE
                0x0001e600       0x54 ym/ble-nrf51822/source/ble-nrf51822.a(btle_security.cpp.obj)
                0x0001e600                btle_getLinkSecurity(unsigned short, SecurityManager::LinkSecurityStatus_t*)
 .text._Z20btle_setLinkSecuritytN15SecurityManager14SecurityMode_tE
                0x0001e654       0x44 ym/ble-nrf51822/source/ble-nrf51822.a(btle_security.cpp.obj)
                0x0001e654                btle_setLinkSecurity(unsigned short, SecurityManager::SecurityMode_t)
 .text._Z33btle_createWhitelistFromBondTableP19ble_gap_whitelist_t
                0x0001e698       0x2c ym/ble-nrf51822/source/ble-nrf51822.a(btle_security.cpp.obj)
                0x0001e698                btle_createWhitelistFromBondTable(ble_gap_whitelist_t*)
 .text._ZN15nRF5xGattServer4readEtPhPt
                0x0001e6c4       0x18 ym/ble-nrf51822/source/ble-nrf51822.a(nRF5xGattServer.cpp.obj)
                0x0001e6c4                nRF5xGattServer::read(unsigned short, unsigned char*, unsigned short*)
 .text._ZN15nRF5xGattServer5writeEtPKhtb
                0x0001e6dc       0x1c ym/ble-nrf51822/source/ble-nrf51822.a(nRF5xGattServer.cpp.obj)
                0x0001e6dc                nRF5xGattServer::write(unsigned short, unsigned char const*, unsigned short, bool)
 .text._ZN15nRF5xGattServer5writeEttPKhtb
                0x0001e6f8       0xec ym/ble-nrf51822/source/ble-nrf51822.a(nRF5xGattServer.cpp.obj)
                0x0001e6f8                nRF5xGattServer::write(unsigned short, unsigned short, unsigned char const*, unsigned short, bool)
 .text._ZN15nRF5xGattServer10addServiceER11GattService
                0x0001e7e4      0x1d8 ym/ble-nrf51822/source/ble-nrf51822.a(nRF5xGattServer.cpp.obj)
                0x0001e7e4                nRF5xGattServer::addService(GattService&)
 .text._ZN15nRF5xGattServer5resetEv
                0x0001e9bc       0x50 ym/ble-nrf51822/source/ble-nrf51822.a(nRF5xGattServer.cpp.obj)
                0x0001e9bc                nRF5xGattServer::reset()
 .text.custom_convert_to_nordic_uuid
                0x0001ea0c       0xa8 ym/ble-nrf51822/source/ble-nrf51822.a(custom_helper.cpp.obj)
                0x0001ea0c                custom_convert_to_nordic_uuid
 .text.custom_add_in_descriptor
                0x0001eab4       0x64 ym/ble-nrf51822/source/ble-nrf51822.a(custom_helper.cpp.obj)
                0x0001eab4                custom_add_in_descriptor
 .text._ZN17GapScanningParamsC2Etttb
                0x0001eb18       0x60 ym/ble/source/ble.a(GapScanningParams.cpp.obj)
                0x0001eb18                GapScanningParams::GapScanningParams(unsigned short, unsigned short, unsigned short, bool)
                0x0001eb18                GapScanningParams::GapScanningParams(unsigned short, unsigned short, unsigned short, bool)
 .text.gatts_context_store
                0x0001eb78       0xb8 ym/nrf51-sdk/source/nrf51-sdk.a(device_manager_peripheral.c.obj)
 .text.device_context_store
                0x0001ec30       0xb0 ym/nrf51-sdk/source/nrf51-sdk.a(device_manager_peripheral.c.obj)
 .text.gatts_context_load
                0x0001ece0       0x34 ym/nrf51-sdk/source/nrf51-sdk.a(device_manager_peripheral.c.obj)
 .text.gatts_context_apply
                0x0001ed14       0xcc ym/nrf51-sdk/source/nrf51-sdk.a(device_manager_peripheral.c.obj)
 .text.peer_instance_init
                0x0001ede0       0x48 ym/nrf51-sdk/source/nrf51-sdk.a(device_manager_peripheral.c.obj)
 .text.device_instance_free
                0x0001ee28       0x2c ym/nrf51-sdk/source/nrf51-sdk.a(device_manager_peripheral.c.obj)
 .text.dm_pstorage_cb_handler
                0x0001ee54      0x11c ym/nrf51-sdk/source/nrf51-sdk.a(device_manager_peripheral.c.obj)
 .text.dm_init  0x0001ef70       0xd4 ym/nrf51-sdk/source/nrf51-sdk.a(device_manager_peripheral.c.obj)
                0x0001ef70                dm_init
 .text.dm_register
                0x0001f044       0x70 ym/nrf51-sdk/source/nrf51-sdk.a(device_manager_peripheral.c.obj)
                0x0001f044                dm_register
 .text.dm_security_status_req
                0x0001f0b4       0x70 ym/nrf51-sdk/source/nrf51-sdk.a(device_manager_peripheral.c.obj)
                0x0001f0b4                dm_security_status_req
 .text.dm_whitelist_create
                0x0001f124       0xb8 ym/nrf51-sdk/source/nrf51-sdk.a(device_manager_peripheral.c.obj)
                0x0001f124                dm_whitelist_create
 .text.dm_device_delete_all
                0x0001f1dc       0x54 ym/nrf51-sdk/source/nrf51-sdk.a(device_manager_peripheral.c.obj)
                0x0001f1dc                dm_device_delete_all
 .text.dm_application_context_set
                0x0001f230        0x8 ym/nrf51-sdk/source/nrf51-sdk.a(device_manager_peripheral.c.obj)
                0x0001f230                dm_application_context_set
 .text.dm_peer_addr_get
                0x0001f238       0x84 ym/nrf51-sdk/source/nrf51-sdk.a(device_manager_peripheral.c.obj)
                0x0001f238                dm_peer_addr_get
 .text.dm_distributed_keys_get
                0x0001f2bc       0xb0 ym/nrf51-sdk/source/nrf51-sdk.a(device_manager_peripheral.c.obj)
                0x0001f2bc                dm_distributed_keys_get
 .text.bond_data_load
                0x0001f36c       0x48 ym/nrf51-sdk/source/nrf51-sdk.a(device_manager_peripheral.c.obj)
                0x0001f36c                bond_data_load
 .text.address_to_device_id
                0x0001f3b4       0x2c ym/nrf51-sdk/source/nrf51-sdk.a(device_manager_peripheral.c.obj)
                0x0001f3b4                address_to_device_id
 .text.dm_ble_evt_handler
                0x0001f3e0      0x384 ym/nrf51-sdk/source/nrf51-sdk.a(device_manager_peripheral.c.obj)
                0x0001f3e0                dm_ble_evt_handler
 .text.dm_handle_get
                0x0001f764       0x48 ym/nrf51-sdk/source/nrf51-sdk.a(device_manager_peripheral.c.obj)
                0x0001f764                dm_handle_get
 .text.dfu_app_on_dfu_evt
                0x0001f7ac      0x170 ym/nrf51-sdk/source/nrf51-sdk.a(dfu_app_handler.c.obj)
                0x0001f7ac                dfu_app_on_dfu_evt
 .text.pstorage_flash_page_end
                0x0001f91c       0x20 ym/nrf51-sdk/source/nrf51-sdk.a(pstorage.c.obj)
 .text.swap_sub_state_entry_action_run
                0x0001f93c       0x18 ym/nrf51-sdk/source/nrf51-sdk.a(pstorage.c.obj)
 .text.cmd_queue_element_init
                0x0001f954       0x20 ym/nrf51-sdk/source/nrf51-sdk.a(pstorage.c.obj)
 .text.app_notify
                0x0001f974       0x2c ym/nrf51-sdk/source/nrf51-sdk.a(pstorage.c.obj)
 .text.is_page_erase_required
                0x0001f9a0       0x50 ym/nrf51-sdk/source/nrf51-sdk.a(pstorage.c.obj)
 .text.swap_sub_state_err_busy_process
                0x0001f9f0       0x18 ym/nrf51-sdk/source/nrf51-sdk.a(pstorage.c.obj)
 .text.data_to_swap_write_state_run
                0x0001fa08       0x30 ym/nrf51-sdk/source/nrf51-sdk.a(pstorage.c.obj)
 .text.swap_erase_state_run
                0x0001fa38       0x24 ym/nrf51-sdk/source/nrf51-sdk.a(pstorage.c.obj)
 .text.flash_api_err_code_process
                0x0001fa5c       0x40 ym/nrf51-sdk/source/nrf51-sdk.a(pstorage.c.obj)
 .text.store_cmd_flash_write_execute
                0x0001fa9c       0x54 ym/nrf51-sdk/source/nrf51-sdk.a(pstorage.c.obj)
 .text.state_restore_head_entry_run
                0x0001faf0       0x34 ym/nrf51-sdk/source/nrf51-sdk.a(pstorage.c.obj)
 .text.state_restore_tail_entry_run
                0x0001fb24       0x48 ym/nrf51-sdk/source/nrf51-sdk.a(pstorage.c.obj)
 .text.state_write_data_swap_entry_run
                0x0001fb6c       0x2c ym/nrf51-sdk/source/nrf51-sdk.a(pstorage.c.obj)
 .text.state_data_erase_entry_run
                0x0001fb98       0x14 ym/nrf51-sdk/source/nrf51-sdk.a(pstorage.c.obj)
 .text.state_entry_action_run
                0x0001fbac       0xc4 ym/nrf51-sdk/source/nrf51-sdk.a(pstorage.c.obj)
 .text.clear_operation_execute
                0x0001fc70      0x118 ym/nrf51-sdk/source/nrf51-sdk.a(pstorage.c.obj)
 .text.cmd_process
                0x0001fd88       0x3c ym/nrf51-sdk/source/nrf51-sdk.a(pstorage.c.obj)
 .text.cmd_queue_enqueue
                0x0001fdc4       0x54 ym/nrf51-sdk/source/nrf51-sdk.a(pstorage.c.obj)
 .text.command_end_procedure_run
                0x0001fe18       0x44 ym/nrf51-sdk/source/nrf51-sdk.a(pstorage.c.obj)
 .text.clear_post_processing_run
                0x0001fe5c       0x2c ym/nrf51-sdk/source/nrf51-sdk.a(pstorage.c.obj)
 .text.head_restore_state_run
                0x0001fe88       0x9c ym/nrf51-sdk/source/nrf51-sdk.a(pstorage.c.obj)
 .text.tail_restore_state_run
                0x0001ff24       0x1c ym/nrf51-sdk/source/nrf51-sdk.a(pstorage.c.obj)
 .text.data_page_erase_state_run
                0x0001ff40       0x78 ym/nrf51-sdk/source/nrf51-sdk.a(pstorage.c.obj)
 .text.flash_operation_success_run
                0x0001ffb8       0x98 ym/nrf51-sdk/source/nrf51-sdk.a(pstorage.c.obj)
 .text.pstorage_sys_event_handler
                0x00020050       0x68 ym/nrf51-sdk/source/nrf51-sdk.a(pstorage.c.obj)
                0x00020050                pstorage_sys_event_handler
 .text.pstorage_init
                0x000200b8       0x70 ym/nrf51-sdk/source/nrf51-sdk.a(pstorage.c.obj)
                0x000200b8                pstorage_init
 .text.pstorage_register
                0x00020128       0xc4 ym/nrf51-sdk/source/nrf51-sdk.a(pstorage.c.obj)
                0x00020128                pstorage_register
 .text.pstorage_block_identifier_get
                0x000201ec       0x4c ym/nrf51-sdk/source/nrf51-sdk.a(pstorage.c.obj)
                0x000201ec                pstorage_block_identifier_get
 .text.pstorage_store
                0x00020238       0x74 ym/nrf51-sdk/source/nrf51-sdk.a(pstorage.c.obj)
                0x00020238                pstorage_store
 .text.pstorage_update
                0x000202ac       0x74 ym/nrf51-sdk/source/nrf51-sdk.a(pstorage.c.obj)
                0x000202ac                pstorage_update
 .text.pstorage_load
                0x00020320       0x94 ym/nrf51-sdk/source/nrf51-sdk.a(pstorage.c.obj)
                0x00020320                pstorage_load
 .text.pstorage_clear
                0x000203b4       0x84 ym/nrf51-sdk/source/nrf51-sdk.a(pstorage.c.obj)
                0x000203b4                pstorage_clear
 .text.intern_softdevice_events_execute
                0x00020438       0xa0 ym/nrf51-sdk/source/nrf51-sdk.a(softdevice_handler.c.obj)
                0x00020438                intern_softdevice_events_execute
 .text.softdevice_handler_init
                0x000204d8       0x48 ym/nrf51-sdk/source/nrf51-sdk.a(softdevice_handler.c.obj)
                0x000204d8                softdevice_handler_init
 .text.softdevice_handler_sd_disable
                0x00020520       0x18 ym/nrf51-sdk/source/nrf51-sdk.a(softdevice_handler.c.obj)
                0x00020520                softdevice_handler_sd_disable
 .text.softdevice_ble_evt_handler_set
                0x00020538       0x14 ym/nrf51-sdk/source/nrf51-sdk.a(softdevice_handler.c.obj)
                0x00020538                softdevice_ble_evt_handler_set
 .text.softdevice_sys_evt_handler_set
                0x0002054c       0x14 ym/nrf51-sdk/source/nrf51-sdk.a(softdevice_handler.c.obj)
                0x0002054c                softdevice_sys_evt_handler_set
 .text.SWI2_IRQHandler
                0x00020560       0x24 ym/nrf51-sdk/source/nrf51-sdk.a(softdevice_handler.c.obj)
                0x00020560                SWI2_IRQHandler
 .text.SWI1_IRQHandler
                0x00020584       0x20 ym/nrf51-sdk/source/nrf51-sdk.a(ble_radio_notification.c.obj)
                0x00020584                SWI1_IRQHandler
 .text.ble_radio_notification_init
                0x000205a4       0x38 ym/nrf51-sdk/source/nrf51-sdk.a(ble_radio_notification.c.obj)
                0x000205a4                ble_radio_notification_init
 .text.bootloader_util_app_start
                0x000205dc       0x3c ym/nrf51-sdk/source/nrf51-sdk.a(bootloader_util.c.obj)
                0x000205dc                bootloader_util_app_start
 .text.ble_dfu_response_send
                0x00020618       0x64 ym/nrf51-sdk/source/nrf51-sdk.a(ble_dfu.c.obj)
                0x00020618                ble_dfu_response_send
 .text._ZN4mbed3I2CC2E7PinNameS1_
                0x0002067c       0x30 ym/mbed-classic/existing/mbed-classic.a(I2C.cpp.obj)
                0x0002067c                mbed::I2C::I2C(PinName, PinName)
                0x0002067c                mbed::I2C::I2C(PinName, PinName)
 .text._ZN4mbed3I2C6aquireEv
                0x000206ac       0x1c ym/mbed-classic/existing/mbed-classic.a(I2C.cpp.obj)
                0x000206ac                mbed::I2C::aquire()
 .text._ZN4mbed11InterruptInD2Ev
                0x000206c8       0x18 ym/mbed-classic/existing/mbed-classic.a(InterruptIn.cpp.obj)
                0x000206c8                mbed::InterruptIn::~InterruptIn()
                0x000206c8                mbed::InterruptIn::~InterruptIn()
 .text._ZN4mbed11InterruptInC2E7PinName
                0x000206e0       0x44 ym/mbed-classic/existing/mbed-classic.a(InterruptIn.cpp.obj)
                0x000206e0                mbed::InterruptIn::InterruptIn(PinName)
                0x000206e0                mbed::InterruptIn::InterruptIn(PinName)
 .text._ZN4mbed9RawSerialC2E7PinNameS1_
                0x00020724       0x14 ym/mbed-classic/existing/mbed-classic.a(RawSerial.cpp.obj)
                0x00020724                mbed::RawSerial::RawSerial(PinName, PinName)
                0x00020724                mbed::RawSerial::RawSerial(PinName, PinName)
 .text._ZN4mbed10SerialBaseC2E7PinNameS1_
                0x00020738       0x3c ym/mbed-classic/existing/mbed-classic.a(SerialBase.cpp.obj)
                0x00020738                mbed::SerialBase::SerialBase(PinName, PinName)
                0x00020738                mbed::SerialBase::SerialBase(PinName, PinName)
 .text._ZN4mbed6TickerD2Ev
                0x00020774       0x1c ym/mbed-classic/existing/mbed-classic.a(Ticker.cpp.obj)
                0x00020774                mbed::Ticker::~Ticker()
                0x00020774                mbed::Ticker::~Ticker()
 .text._ZN4mbed7TimeoutD2Ev
                0x00020790       0x1c ym/mbed-classic/existing/mbed-classic.a(Timeout.cpp.obj)
                0x00020790                mbed::Timeout::~Timeout()
                0x00020790                mbed::Timeout::~Timeout()
 .text._ZN4mbed10TimerEventC2Ev
                0x000207ac       0x28 ym/mbed-classic/existing/mbed-classic.a(TimerEvent.cpp.obj)
                0x000207ac                mbed::TimerEvent::TimerEvent()
                0x000207ac                mbed::TimerEvent::TimerEvent()
 .text._ZN4mbed10TimerEventD2Ev
                0x000207d4       0x14 ym/mbed-classic/existing/mbed-classic.a(TimerEvent.cpp.obj)
                0x000207d4                mbed::TimerEvent::~TimerEvent()
                0x000207d4                mbed::TimerEvent::~TimerEvent()
 .text.get_us_ticker_data
                0x000207e8        0x8 ym/mbed-classic/existing/mbed-classic.a(us_ticker_api.c.obj)
                0x000207e8                get_us_ticker_data
 .text.us_ticker_irq_handler
                0x000207f0       0x10 ym/mbed-classic/existing/mbed-classic.a(us_ticker_api.c.obj)
                0x000207f0                us_ticker_irq_handler
 .text          0x00020800       0x48 ym/mbed-classic/existing/mbed-classic.a(startup_NRF51822.S.obj)
                0x00020800                Reset_Handler
                0x0002083c                NMI_Handler
                0x0002083e                HardFault_Handler
                0x00020840                SVC_Handler
                0x00020842                PendSV_Handler
                0x00020844                SysTick_Handler
                0x00020846                SPI0_TWI0_IRQHandler
                0x00020846                RTC0_IRQHandler
                0x00020846                POWER_CLOCK_IRQHandler
                0x00020846                LPCOMP_IRQHandler
                0x00020846                SWI4_IRQHandler
                0x00020846                TEMP_IRQHandler
                0x00020846                QDEC_IRQHandler
                0x00020846                SWI5_IRQHandler
                0x00020846                TIMER0_IRQHandler
                0x00020846                SWI0_IRQHandler
                0x00020846                ECB_IRQHandler
                0x00020846                Default_Handler
                0x00020846                ADC_IRQHandler
                0x00020846                SWI3_IRQHandler
                0x00020846                CCM_AAR_IRQHandler
                0x00020846                WDT_IRQHandler
                0x00020846                RNG_IRQHandler
                0x00020846                SPI1_TWI1_IRQHandler
                0x00020846                RTC1_IRQHandler
 .text.gpio_init
                0x00020848       0x30 ym/mbed-classic/existing/mbed-classic.a(gpio_api.c.obj)
                0x00020848                gpio_init
 .text.GPIOTE_IRQHandler
                0x00020878       0xf0 ym/mbed-classic/existing/mbed-classic.a(gpio_irq_api.c.obj)
                0x00020878                GPIOTE_IRQHandler
 .text.gpio_irq_init
                0x00020968       0x60 ym/mbed-classic/existing/mbed-classic.a(gpio_irq_api.c.obj)
                0x00020968                gpio_irq_init
 .text.gpio_irq_free
                0x000209c8       0x10 ym/mbed-classic/existing/mbed-classic.a(gpio_irq_api.c.obj)
                0x000209c8                gpio_irq_free
 .text.gpio_irq_set
                0x000209d8       0x9c ym/mbed-classic/existing/mbed-classic.a(gpio_irq_api.c.obj)
                0x000209d8                gpio_irq_set
 .text.i2c_do_write
                0x00020a74       0x28 ym/mbed-classic/existing/mbed-classic.a(i2c_api.c.obj)
                0x00020a74                i2c_do_write
 .text.i2c_do_read
                0x00020a9c       0x3c ym/mbed-classic/existing/mbed-classic.a(i2c_api.c.obj)
                0x00020a9c                i2c_do_read
 .text.i2c_frequency
                0x00020ad8       0x48 ym/mbed-classic/existing/mbed-classic.a(i2c_api.c.obj)
                0x00020ad8                i2c_frequency
 .text.twi_master_init
                0x00020b20       0x40 ym/mbed-classic/existing/mbed-classic.a(i2c_api.c.obj)
                0x00020b20                twi_master_init
 .text.i2c_init
                0x00020b60       0xbc ym/mbed-classic/existing/mbed-classic.a(i2c_api.c.obj)
                0x00020b60                i2c_init
 .text.i2c_reset
                0x00020c1c       0x30 ym/mbed-classic/existing/mbed-classic.a(i2c_api.c.obj)
                0x00020c1c                i2c_reset
 .text.i2c_stop
                0x00020c4c       0x34 ym/mbed-classic/existing/mbed-classic.a(i2c_api.c.obj)
                0x00020c4c                i2c_stop
 .text.checkError
                0x00020c80       0x28 ym/mbed-classic/existing/mbed-classic.a(i2c_api.c.obj)
                0x00020c80                checkError
 .text.port_init
                0x00020ca8       0x28 ym/mbed-classic/existing/mbed-classic.a(port_api.c.obj)
                0x00020ca8                port_init
 .text.pwm_disconnect
                0x00020cd0       0x60 ym/mbed-classic/existing/mbed-classic.a(pwmout_api.c.obj)
 .text.TIMER2_IRQHandler
                0x00020d30       0x68 ym/mbed-classic/existing/mbed-classic.a(pwmout_api.c.obj)
                0x00020d30                TIMER2_IRQHandler
 .text.serial_baud.part.0
                0x00020d98       0x38 ym/mbed-classic/existing/mbed-classic.a(serial_api.c.obj)
 .text.serial_init
                0x00020dd0       0xc4 ym/mbed-classic/existing/mbed-classic.a(serial_api.c.obj)
                0x00020dd0                serial_init
 .text.serial_baud
                0x00020e94       0x20 ym/mbed-classic/existing/mbed-classic.a(serial_api.c.obj)
                0x00020e94                serial_baud
 .text.UART0_IRQHandler
                0x00020eb4       0x4c ym/mbed-classic/existing/mbed-classic.a(serial_api.c.obj)
                0x00020eb4                UART0_IRQHandler
 .text.serial_irq_handler
                0x00020f00       0x18 ym/mbed-classic/existing/mbed-classic.a(serial_api.c.obj)
                0x00020f00                serial_irq_handler
 .text.twi_master_clear_bus
                0x00020f18       0xb0 ym/mbed-classic/existing/mbed-classic.a(twi_master.c.obj)
 .text.twi_master_init_and_clear
                0x00020fc8       0x74 ym/mbed-classic/existing/mbed-classic.a(twi_master.c.obj)
                0x00020fc8                twi_master_init_and_clear
 .text.tmr1_getCounter64
                0x0002103c       0x50 ym/mbed-classic/existing/mbed-classic.a(us_ticker.c.obj)
 .text.TIMER1_IRQHandler
                0x0002108c       0x50 ym/mbed-classic/existing/mbed-classic.a(us_ticker.c.obj)
                0x0002108c                TIMER1_IRQHandler
 .text.us_ticker_init
                0x000210dc       0x8c ym/mbed-classic/existing/mbed-classic.a(us_ticker.c.obj)
                0x000210dc                us_ticker_init
 .text.us_ticker_read
                0x00021168       0x18 ym/mbed-classic/existing/mbed-classic.a(us_ticker.c.obj)
                0x00021168                us_ticker_read
 .text.us_ticker_set_interrupt
                0x00021180       0x54 ym/mbed-classic/existing/mbed-classic.a(us_ticker.c.obj)
                0x00021180                us_ticker_set_interrupt
 .text.SystemInit
                0x000211d4       0xac ym/mbed-classic/existing/mbed-classic.a(system_nrf51.c.obj)
                0x000211d4                SystemInit
 .text._ZSt15get_new_handlerv
                0x00021280        0xc /usr/lib/gcc/arm-none-eabi/13.2.1/../../../arm-none-eabi/lib/thumb/v6-m/nofp/libstdc++_nano.a(new_handler.o)
                0x00021280                std::get_new_handler()
 .text          0x0002128c       0x14 /usr/lib/gcc/arm-none-eabi/13.2.1/thumb/v6-m/nofp/libgcc.a(_thumb1_case_uqi.o)
                0x0002128c                __gnu_thumb1_case_uqi
 .text          0x000212a0       0x14 /usr/lib/gcc/arm-none-eabi/13.2.1/thumb/v6-m/nofp/libgcc.a(_thumb1_case_shi.o)
                0x000212a0                __gnu_thumb1_case_shi
 .text          0x000212b4      0x114 /usr/lib/gcc/arm-none-eabi/13.2.1/thumb/v6-m/nofp/libgcc.a(_udivsi3.o)
                0x000212b4                __udivsi3
                0x000212b4                __aeabi_uidiv
                0x000213c0                __aeabi_uidivmod
 .text          0x000213c8      0x1d4 /usr/lib/gcc/arm-none-eabi/13.2.1/thumb/v6-m/nofp/libgcc.a(_divsi3.o)
                0x000213c8                __aeabi_idiv
                0x000213c8                __divsi3
                0x00021594                __aeabi_idivmod
 .text          0x0002159c        0x4 /usr/lib/gcc/arm-none-eabi/13.2.1/thumb/v6-m/nofp/libgcc.a(_dvmd_tls.o)
                0x0002159c                __aeabi_ldiv0
                0x0002159c                __aeabi_idiv0
 .text          0x000215a0       0x74 /usr/lib/gcc/arm-none-eabi/13.2.1/thumb/v6-m/nofp/libgcc.a(_arm_cmpsf2.o)
                0x000215a0                __aeabi_cfrcmple
                0x000215a8                __aeabi_cfcmple
                0x000215a8                __aeabi_cfcmpeq
                0x000215b8                __aeabi_fcmpeq
                0x000215c4                __aeabi_fcmplt
                0x000215d8                __aeabi_fcmple
                0x000215ec                __aeabi_fcmpgt
                0x00021600                __aeabi_fcmpge
 .text          0x00021614       0x40 /usr/lib/gcc/arm-none-eabi/13.2.1/thumb/v6-m/nofp/libgcc.a(_aeabi_uldivmod.o)
                0x00021614                __aeabi_uldivmod
 .text          0x00021654      0x198 /usr/lib/gcc/arm-none-eabi/13.2.1/thumb/v6-m/nofp/libgcc.a(_udivmoddi4.o)
                0x00021654                __udivmoddi4
 .text          0x000217ec      0x340 /usr/lib/gcc/arm-none-eabi/13.2.1/thumb/v6-m/nofp/libgcc.a(addsf3.o)
                0x000217ec                __aeabi_fadd
 .text          0x00021b2c      0x224 /usr/lib/gcc/arm-none-eabi/13.2.1/thumb/v6-m/nofp/libgcc.a(divsf3.o)
                0x00021b2c                __aeabi_fdiv
 .text          0x00021d50       0x50 /usr/lib/gcc/arm-none-eabi/13.2.1/thumb/v6-m/nofp/libgcc.a(eqsf2.o)
                0x00021d50                __nesf2
                0x00021d50                __eqsf2
 .text          0x00021da0       0x94 /usr/lib/gcc/arm-none-eabi/13.2.1/thumb/v6-m/nofp/libgcc.a(gesf2.o)
                0x00021da0                __gtsf2
                0x00021da0                __gesf2
 .text          0x00021e34       0x90 /usr/lib/gcc/arm-none-eabi/13.2.1/thumb/v6-m/nofp/libgcc.a(lesf2.o)
                0x00021e34                __lesf2
                0x00021e34                __ltsf2
 .text          0x00021ec4      0x280 /usr/lib/gcc/arm-none-eabi/13.2.1/thumb/v6-m/nofp/libgcc.a(mulsf3.o)
                0x00021ec4                __aeabi_fmul
 .text          0x00022144      0x38c /usr/lib/gcc/arm-none-eabi/13.2.1/thumb/v6-m/nofp/libgcc.a(subsf3.o)
                0x00022144                __aeabi_fsub
 .text          0x000224d0       0x40 /usr/lib/gcc/arm-none-eabi/13.2.1/thumb/v6-m/nofp/libgcc.a(fixsfsi.o)
                0x000224d0                __aeabi_f2iz
 .text          0x00022510       0x94 /usr/lib/gcc/arm-none-eabi/13.2.1/thumb/v6-m/nofp/libgcc.a(floatsisf.o)
                0x00022510                __aeabi_i2f
 .text          0x000225a4       0x3c /usr/lib/gcc/arm-none-eabi/13.2.1/thumb/v6-m/nofp/libgcc.a(_clzsi2.o)
                0x000225a4                __clzsi2
 .text          0x000225e0       0x18 /usr/lib/gcc/arm-none-eabi/13.2.1/thumb/v6-m/nofp/libgcc.a(_clzdi2.o)
                0x000225e0                __clzdi2
 .text          0x000225f8       0x3c /usr/lib/gcc/arm-none-eabi/13.2.1/../../../arm-none-eabi/lib/thumb/v6-m/nofp/libm.a(libm_a-wf_sqrt.o)
                0x000225f8                sqrtf
 .text          0x00022634       0xd8 /usr/lib/gcc/arm-none-eabi/13.2.1/../../../arm-none-eabi/lib/thumb/v6-m/nofp/libm.a(libm_a-ef_sqrt.o)
                0x00022634                __ieee754_sqrtf
 .text          0x0002270c       0x5c /usr/lib/gcc/arm-none-eabi/13.2.1/../../../arm-none-eabi/lib/thumb/v6-m/nofp/libc_nano.a(libc_a-strlen-stub.o)
                0x0002270c                strlen
 .text          0x00022768      0x430 /usr/lib/gcc/arm-none-eabi/13.2.1/../../../arm-none-eabi/lib/thumb/v6-m/nofp/libc_nano.a(libc_a-nano-svfprintf.o)
                0x00022768                __ssputs_r
                0x00022838                __ssprint_r
                0x00022950                _svfprintf_r
                0x00022950                _svfiprintf_r
 .text          0x00022b98       0x48 /usr/lib/gcc/arm-none-eabi/13.2.1/../../../arm-none-eabi/lib/thumb/v6-m/nofp/libc_nano.a(libc_a-init.o)
                0x00022b98                __libc_init_array
 .text          0x00022be0       0x10 /usr/lib/gcc/arm-none-eabi/13.2.1/../../../arm-none-eabi/lib/thumb/v6-m/nofp/libc_nano.a(libc_a-abort.o)
                0x00022be0                abort
 .text          0x00022bf0       0xa8 /usr/lib/gcc/arm-none-eabi/13.2.1/../../../arm-none-eabi/lib/thumb/v6-m/nofp/libc_nano.a(libc_a-memset.o)
                0x00022bf0                memset
 .text          0x00022c98        0xc /usr/lib/gcc/arm-none-eabi/13.2.1/../../../arm-none-eabi/lib/thumb/v6-m/nofp/libc_nano.a(libc_a-errno.o)
                0x00022c98                __errno
 .text          0x00022ca4       0xb0 /usr/lib/gcc/arm-none-eabi/13.2.1/../../../arm-none-eabi/lib/thumb/v6-m/nofp/libc_nano.a(libc_a-memmove.o)
                0x00022ca4                memmove
 .text          0x00022d54       0x20 /usr/lib/gcc/arm-none-eabi/13.2.1/../../../arm-none-eabi/lib/thumb/v6-m/nofp/libc_nano.a(libc_a-cxa_atexit.o)
                0x00022d54                __cxa_atexit
 .text          0x00022d74       0x60 /usr/lib/gcc/arm-none-eabi/13.2.1/../../../arm-none-eabi/lib/thumb/v6-m/nofp/libc_nano.a(libc_a-strncpy.o)
                0x00022d74                strncpy
 .text          0x00022dd4      0x3a8 /usr/lib/gcc/arm-none-eabi/13.2.1/../../../arm-none-eabi/lib/thumb/v6-m/nofp/libc_nano.a(libc_a-nano-vfprintf_i.o)
                0x00022dd4                _printf_common
                0x00022f1c                _printf_i
 .text          0x0002317c       0x88 /usr/lib/gcc/arm-none-eabi/13.2.1/../../../arm-none-eabi/lib/thumb/v6-m/nofp/libc_nano.a(libc_a-strcmp.o)
                0x0002317c                strcmp
 .text          0x00023204       0x28 /usr/lib/gcc/arm-none-eabi/13.2.1/../../../arm-none-eabi/lib/thumb/v6-m/nofp/libc_nano.a(libc_a-exit.o)
                0x00023204                exit
 .text          0x0002322c       0x10 /usr/lib/gcc/arm-none-eabi/13.2.1/../../../arm-none-eabi/lib/thumb/v6-m/nofp/libc_nano.a(libc_a-atexit.o)
                0x0002322c                atexit
 .text          0x0002323c       0x74 /usr/lib/gcc/arm-none-eabi/13.2.1/../../../arm-none-eabi/lib/thumb/v6-m/nofp/libc_nano.a(libc_a-memchr-stub.o)
                0x0002323c                memchr
 .text          0x000232b0      0x100 /usr/lib/gcc/arm-none-eabi/13.2.1/../../../arm-none-eabi/lib/thumb/v6-m/nofp/libc_nano.a(libc_a-snprintf.o)
                0x000232b0                _sniprintf_r
                0x000232b0                _snprintf_r
                0x0002332c                snprintf
                0x0002332c                sniprintf
 .text          0x000233b0       0x8c /usr/lib/gcc/arm-none-eabi/13.2.1/../../../arm-none-eabi/lib/thumb/v6-m/nofp/libc_nano.a(libc_a-memcpy-stub.o)
                0x000233b0                memcpy
 .text          0x0002343c       0x48 /usr/lib/gcc/arm-none-eabi/13.2.1/../../../arm-none-eabi/lib/thumb/v6-m/nofp/libc_nano.a(libc_a-memcmp.o)
                0x0002343c                memcmp
 .text          0x00023484       0x28 /usr/lib/gcc/arm-none-eabi/13.2.1/../../../arm-none-eabi/lib/thumb/v6-m/nofp/libc_nano.a(libc_a-fini.o)
                0x00023484                __libc_fini_array
 .text          0x000234ac      0x264 /usr/lib/gcc/arm-none-eabi/13.2.1/../../../arm-none-eabi/lib/thumb/v6-m/nofp/libc_nano.a(libc_a-signal.o)
                0x000234ac                _init_signal_r
                0x000234dc                _signal_r
                0x00023520                _raise_r
                0x00023574                __sigtramp_r
                0x000235d0                raise
                0x00023628                signal
                0x00023674                _init_signal
                0x000236ac                __sigtramp
 .text          0x00023710       0xc4 /usr/lib/gcc/arm-none-eabi/13.2.1/../../../arm-none-eabi/lib/thumb/v6-m/nofp/libc_nano.a(libc_a-__atexit.o)
                0x00023710                __register_exitproc
 .text          0x000237d4       0x30 /usr/lib/gcc/arm-none-eabi/13.2.1/../../../arm-none-eabi/lib/thumb/v6-m/nofp/libc_nano.a(libc_a-signalr.o)
                0x000237d4                _kill_r
                0x000237fc                _getpid_r